BL51 BANKED LINKER/LOCATER V5.03                                                        03/22/2013  20:18:22  PAGE 1


BL51 BANKED LINKER/LOCATER V5.03, INVOKED BY:
C:\KEIL\C51\BIN\BL51.EXE STARTUP.obj, test.obj TO test RAMSIZE (256)


MEMORY MODEL: SMALL


INPUT MODULES INCLUDED:
  STARTUP.obj (?C_STARTUP)
  test.obj (TEST)
  C:\KEIL\C51\LIB\C51S.LIB (?C_INIT)
  C:\KEIL\C51\LIB\C51S.LIB (?C?CLDPTR)
  C:\KEIL\C51\LIB\C51S.LIB (?C?CLDOPTR)


LINK MAP OF MODULE:  test (?C_STARTUP)


            TYPE    BASE      LENGTH    RELOCATION   SEGMENT NAME
            -----------------------------------------------------

            * * * * * * *   D A T A   M E M O R Y   * * * * * * *
            REG     0000H     0008H     ABSOLUTE     "REG BANK 0"
            DATA    0008H     0005H     UNIT         ?DT?TEST
            DATA    000DH     0001H     UNIT         _DATA_GROUP_
            IDATA   000EH     0001H     UNIT         ?STACK

            * * * * * * *   C O D E   M E M O R Y   * * * * * * *
            CODE    0000H     0003H     ABSOLUTE     
            CODE    0003H     001EH     UNIT         ?PR?MAIN?TEST
                    0021H     0002H                  *** GAP ***
            CODE    0023H     0003H     ABSOLUTE     
            CODE    0026H     008CH     UNIT         ?C_C51STARTUP
            CODE    00B2H     0054H     UNIT         ?PR?_LED_DISPLAY?TEST
            CODE    0106H     0046H     UNIT         ?C?LIB_CODE
            CODE    014CH     0032H     UNIT         ?PR?COM_INT?TEST
            CODE    017EH     0025H     UNIT         ?PR?_BELL?TEST
            CODE    01A3H     001CH     UNIT         ?PR?_DELAY_1MS?TEST
            CODE    01BFH     0016H     UNIT         ?PR?COM_INIT?TEST
            CODE    01D5H     0013H     UNIT         ?PR?_DELAY?TEST
            CODE    01E8H     000AH     UNIT         ?C_INITSEG
            CODE    01F2H     000AH     UNIT         ?CO?TEST



OVERLAY MAP OF MODULE:   test (?C_STARTUP)


SEGMENT                          DATA_GROUP 
  +--> CALLED SEGMENT          START    LENGTH
----------------------------------------------
?C_C51STARTUP                  -----    -----
  +--> ?PR?MAIN?TEST
  +--> ?C_INITSEG

?PR?MAIN?TEST                  000DH    0001H
  +--> ?PR?_DELAY_1MS?TEST
  +--> ?PR?COM_INIT?TEST
BL51 BANKED LINKER/LOCATER V5.03                                                      03/22/2013  20:18:22  PAGE 2


  +--> ?PR?_LED_DISPLAY?TEST
  +--> ?PR?_DELAY?TEST

?PR?_LED_DISPLAY?TEST          -----    -----
  +--> ?PR?_DELAY_1MS?TEST
  +--> ?CO?TEST



SYMBOL TABLE OF MODULE:  test (?C_STARTUP)

  VALUE           TYPE          NAME
  ----------------------------------

  -------         MODULE        ?C_STARTUP
  C:0026H         SEGMENT       ?C_C51STARTUP
  I:000EH         SEGMENT       ?STACK
  C:0000H         PUBLIC        ?C_STARTUP
  D:00E0H         SYMBOL        ACC
  D:00F0H         SYMBOL        B
  D:0083H         SYMBOL        DPH
  D:0082H         SYMBOL        DPL
  N:0000H         SYMBOL        IBPSTACK
  N:0100H         SYMBOL        IBPSTACKTOP
  N:0080H         SYMBOL        IDATALEN
  C:0029H         SYMBOL        IDATALOOP
  N:0000H         SYMBOL        PBPSTACK
  N:0000H         SYMBOL        PBPSTACKTOP
  N:0000H         SYMBOL        PDATALEN
  N:0000H         SYMBOL        PDATASTART
  N:0000H         SYMBOL        PPAGE
  N:0000H         SYMBOL        PPAGEENABLE
  D:00A0H         SYMBOL        PPAGE_SFR
  D:0081H         SYMBOL        SP
  C:0026H         SYMBOL        STARTUP1
  N:0000H         SYMBOL        XBPSTACK
  N:0000H         SYMBOL        XBPSTACKTOP
  N:0000H         SYMBOL        XDATALEN
  N:0000H         SYMBOL        XDATASTART
  C:0000H         LINE#         92
  C:0026H         LINE#         99
  C:0028H         LINE#         100
  C:0029H         LINE#         101
  C:002AH         LINE#         102
  C:002CH         LINE#         151
  C:002FH         LINE#         155
  -------         ENDMOD        ?C_STARTUP

  -------         MODULE        TEST
  C:0000H         SYMBOL        _ICE_DUMMY_
  D:0080H         PUBLIC        P0
  D:0090H         PUBLIC        P1
  D:00B0H         PUBLIC        P3
  B:00A8H.7       PUBLIC        EA
  C:0003H         PUBLIC        Main
  C:01F2H         PUBLIC        table
  D:00A8H         PUBLIC        IE
BL51 BANKED LINKER/LOCATER V5.03                                                      03/22/2013  20:18:22  PAGE 3


  D:0009H         PUBLIC        LED_Buffer
  C:01BFH         PUBLIC        Com_Init
  B:00A8H.4       PUBLIC        ES
  D:00B8H         PUBLIC        IP
  B:0098H.0       PUBLIC        RI
  B:0090H.2       PUBLIC        BELL
  C:014CH         PUBLIC        Com_Int
  D:0099H         PUBLIC        SBUF
  D:0087H         PUBLIC        PCON
  D:0098H         PUBLIC        SCON
  D:0089H         PUBLIC        TMOD
  D:0088H         PUBLIC        TCON
  C:01A9H         PUBLIC        _Delay_1ms
  B:00B0H.6       PUBLIC        Led1
  B:00B0H.7       PUBLIC        Led2
  B:00B0H.5       PUBLIC        Led3
  B:00B0H.4       PUBLIC        Led4
  D:008DH         PUBLIC        TH1
  C:01D5H         PUBLIC        _Delay
  D:008BH         PUBLIC        TL1
  B:0088H.6       PUBLIC        TR1
  C:017EH         PUBLIC        _Bell
  D:00C8H         PUBLIC        T2CON
  C:00B2H         PUBLIC        _led_display
  D:00D0H         PUBLIC        PSW
  -------         PROC          _DELAY
  D:0006H         SYMBOL        i
  -------         DO            
  D:0004H         SYMBOL        x
  D:0005H         SYMBOL        j
  -------         ENDDO         
  C:01D5H         LINE#         30
  C:01D5H         LINE#         31
  C:01D5H         LINE#         33
  C:01DEH         LINE#         34
  C:01E7H         LINE#         35
  -------         ENDPROC       _DELAY
  C:01A5H         SYMBOL        L?0029
  -------         PROC          L?0028
  -------         ENDPROC       L?0028
  C:01A5H         SYMBOL        L?0029
  -------         PROC          _DELAY_1MS
  D:0006H         SYMBOL        i
  -------         DO            
  D:0004H         SYMBOL        x
  D:0005H         SYMBOL        j
  -------         ENDDO         
  C:01A9H         LINE#         42
  C:01A9H         LINE#         43
  C:01A9H         LINE#         45
  C:01B2H         LINE#         46
  C:01BEH         LINE#         47
  -------         ENDPROC       _DELAY_1MS
  -------         PROC          _BELL
  D:0002H         SYMBOL        x
  C:017EH         LINE#         55
  C:0182H         LINE#         56
BL51 BANKED LINKER/LOCATER V5.03                                                      03/22/2013  20:18:22  PAGE 4


  C:0182H         LINE#         57
  C:018DH         LINE#         58
  C:018DH         LINE#         59
  C:018FH         LINE#         60
  C:0196H         LINE#         61
  C:0198H         LINE#         62
  C:019BH         LINE#         63
  C:01A2H         LINE#         65
  -------         ENDPROC       _BELL
  -------         PROC          COM_INT
  -------         DO            
  D:0008H         SYMBOL        i
  -------         ENDDO         
  C:014CH         LINE#         72
  C:0157H         LINE#         75
  C:0159H         LINE#         76
  C:015CH         LINE#         77
  C:015CH         LINE#         78
  C:0168H         LINE#         79
  C:016AH         LINE#         80
  C:016EH         LINE#         81
  C:0171H         LINE#         82
  C:0173H         LINE#         83
  C:0173H         LINE#         84
  C:0175H         LINE#         85
  -------         ENDPROC       COM_INT
  -------         PROC          COM_INIT
  C:01BFH         LINE#         93
  C:01BFH         LINE#         94
  C:01BFH         LINE#         95
  C:01C2H         LINE#         96
  C:01C5H         LINE#         97
  C:01C8H         LINE#         98
  C:01CBH         LINE#         99
  C:01CEH         LINE#         100
  C:01D0H         LINE#         101
  C:01D2H         LINE#         102
  C:01D4H         LINE#         103
  -------         ENDPROC       COM_INIT
  -------         PROC          _LED_DISPLAY
  D:0001H         SYMBOL        data1
  C:00B2H         LINE#         111
  C:00B2H         LINE#         112
  C:00B2H         LINE#         113
  C:00B9H         LINE#         114
  C:00C2H         LINE#         115
  C:00C4H         LINE#         116
  C:00C6H         LINE#         117
  C:00C6H         LINE#         118
  C:00C6H         LINE#         119
  C:00C9H         LINE#         120
  C:00D5H         LINE#         121
  C:00D7H         LINE#         122
  C:00D9H         LINE#         123
  C:00D9H         LINE#         124
  C:00D9H         LINE#         125
  C:00DCH         LINE#         126
BL51 BANKED LINKER/LOCATER V5.03                                                      03/22/2013  20:18:22  PAGE 5


  C:00E8H         LINE#         127
  C:00EAH         LINE#         128
  C:00ECH         LINE#         129
  C:00EEH         LINE#         130
  C:00EEH         LINE#         131
  C:00F1H         LINE#         132
  C:00FDH         LINE#         133
  C:00FFH         LINE#         134
  C:0101H         LINE#         135
  C:0103H         LINE#         136
  C:0105H         LINE#         137
  -------         ENDPROC       _LED_DISPLAY
  -------         PROC          MAIN
  -------         DO            
  D:000DH         SYMBOL        i
  -------         ENDDO         
  C:0003H         LINE#         144
  C:0003H         LINE#         145
  C:0003H         LINE#         146
  C:0006H         LINE#         147
  C:000CH         LINE#         148
  C:000FH         LINE#         150
  C:000FH         LINE#         151
  C:000FH         LINE#         152
  C:0018H         LINE#         153
  C:001FH         LINE#         154
  -------         ENDPROC       MAIN
  -------         ENDMOD        TEST

  -------         MODULE        ?C?CLDPTR
  C:0106H         PUBLIC        ?C?CLDPTR
  -------         ENDMOD        ?C?CLDPTR

  -------         MODULE        ?C?CLDOPTR
  C:011FH         PUBLIC        ?C?CLDOPTR
  -------         ENDMOD        ?C?CLDOPTR

*** WARNING L16: UNCALLED SEGMENT, IGNORED FOR OVERLAY PROCESS
    SEGMENT: ?PR?_BELL?TEST

Program Size: data=15.0 xdata=0 code=506
LINK/LOCATE RUN COMPLETE.  1 WARNING(S),  0 ERROR(S)
