BL51 BANKED LINKER/LOCATER V5.03                                                        03/24/2013  17:59:33  PAGE 1


BL51 BANKED LINKER/LOCATER V5.03, INVOKED BY:
C:\KEIL\C51\BIN\BL51.EXE STARTUP.obj, keyboard.obj TO keyboard RAMSIZE (256)


MEMORY MODEL: SMALL


INPUT MODULES INCLUDED:
  STARTUP.obj (?C_STARTUP)
  keyboard.obj (KEYBOARD)
  C:\KEIL\C51\LIB\C51S.LIB (?C_INIT)
  C:\KEIL\C51\LIB\C51S.LIB (?C?CLDPTR)
  C:\KEIL\C51\LIB\C51S.LIB (?C?CLDOPTR)
  C:\KEIL\C51\LIB\C51S.LIB (?C?CSTPTR)
  C:\KEIL\C51\LIB\C51S.LIB (?C?CSTOPTR)
  C:\KEIL\C51\LIB\C51S.LIB (?C?SIDIV)
  C:\KEIL\C51\LIB\C51S.LIB (?C?UIDIV)


LINK MAP OF MODULE:  keyboard (?C_STARTUP)


            TYPE    BASE      LENGTH    RELOCATION   SEGMENT NAME
            -----------------------------------------------------

            * * * * * * *   D A T A   M E M O R Y   * * * * * * *
            REG     0000H     0008H     ABSOLUTE     "REG BANK 0"
            DATA    0008H     0010H     UNIT         _DATA_GROUP_
            DATA    0018H     000CH     UNIT         ?DT?KEYBOARD
            DATA    0024H     0002H     UNIT         ?DT?_LED_SET_16?KEYBOARD
            IDATA   0026H     0001H     UNIT         ?STACK

            * * * * * * *   C O D E   M E M O R Y   * * * * * * *
            CODE    0000H     0003H     ABSOLUTE     
            CODE    0003H     0105H     UNIT         ?C?LIB_CODE
            CODE    0108H     00A6H     UNIT         ?PR?_KEYS?KEYBOARD
            CODE    01AEH     008CH     UNIT         ?C_C51STARTUP
            CODE    023AH     003EH     UNIT         ?PR?LED_DISPLAY?KEYBOARD
            CODE    0278H     0033H     UNIT         ?PR?_LED_SET?KEYBOARD
            CODE    02ABH     0033H     UNIT         ?PR?_LED_SET_16?KEYBOARD
            CODE    02DEH     001CH     UNIT         ?PR?_DELAY_1MS?KEYBOARD
            CODE    02FAH     001CH     UNIT         ?PR?_RESTART_KEYS?KEYBOARD
            CODE    0316H     0016H     UNIT         ?PR?MAIN?KEYBOARD
            CODE    032CH     0013H     UNIT         ?PR?_DELAY?KEYBOARD
            CODE    033FH     0011H     UNIT         ?C_INITSEG
            CODE    0350H     0010H     UNIT         ?CO?KEYBOARD



OVERLAY MAP OF MODULE:   keyboard (?C_STARTUP)


SEGMENT                              DATA_GROUP 
  +--> CALLED SEGMENT              START    LENGTH
--------------------------------------------------
?C_C51STARTUP                      -----    -----
  +--> ?PR?MAIN?KEYBOARD
  +--> ?C_INITSEG
BL51 BANKED LINKER/LOCATER V5.03                                                      03/24/2013  17:59:33  PAGE 2



?PR?MAIN?KEYBOARD                  0008H    000AH
  +--> ?PR?_KEYS?KEYBOARD
  +--> ?PR?_LED_SET?KEYBOARD
  +--> ?PR?LED_DISPLAY?KEYBOARD

?PR?_KEYS?KEYBOARD                 0012H    0003H
  +--> ?PR?_RESTART_KEYS?KEYBOARD

?PR?_RESTART_KEYS?KEYBOARD         0015H    0003H

?PR?_LED_SET?KEYBOARD              0012H    0002H

?PR?LED_DISPLAY?KEYBOARD           -----    -----
  +--> ?PR?_DELAY_1MS?KEYBOARD
  +--> ?CO?KEYBOARD



SYMBOL TABLE OF MODULE:  keyboard (?C_STARTUP)

  VALUE           TYPE          NAME
  ----------------------------------

  -------         MODULE        ?C_STARTUP
  C:01AEH         SEGMENT       ?C_C51STARTUP
  I:0026H         SEGMENT       ?STACK
  C:0000H         PUBLIC        ?C_STARTUP
  D:00E0H         SYMBOL        ACC
  D:00F0H         SYMBOL        B
  D:0083H         SYMBOL        DPH
  D:0082H         SYMBOL        DPL
  N:0000H         SYMBOL        IBPSTACK
  N:0100H         SYMBOL        IBPSTACKTOP
  N:0080H         SYMBOL        IDATALEN
  C:01B1H         SYMBOL        IDATALOOP
  N:0000H         SYMBOL        PBPSTACK
  N:0000H         SYMBOL        PBPSTACKTOP
  N:0000H         SYMBOL        PDATALEN
  N:0000H         SYMBOL        PDATASTART
  N:0000H         SYMBOL        PPAGE
  N:0000H         SYMBOL        PPAGEENABLE
  D:00A0H         SYMBOL        PPAGE_SFR
  D:0081H         SYMBOL        SP
  C:01AEH         SYMBOL        STARTUP1
  N:0000H         SYMBOL        XBPSTACK
  N:0000H         SYMBOL        XBPSTACKTOP
  N:0000H         SYMBOL        XDATALEN
  N:0000H         SYMBOL        XDATASTART
  C:0000H         LINE#         92
  C:01AEH         LINE#         99
  C:01B0H         LINE#         100
  C:01B1H         LINE#         101
  C:01B2H         LINE#         102
  C:01B4H         LINE#         151
  C:01B7H         LINE#         155
  -------         ENDMOD        ?C_STARTUP
BL51 BANKED LINKER/LOCATER V5.03                                                      03/24/2013  17:59:33  PAGE 3



  -------         MODULE        KEYBOARD
  C:0000H         SYMBOL        _ICE_DUMMY_
  D:0080H         PUBLIC        P0
  D:0090H         PUBLIC        P1
  D:00B0H         PUBLIC        P3
  C:0350H         PUBLIC        table
  D:00A8H         PUBLIC        IE
  D:0018H         PUBLIC        LED_Buffer
  D:00B8H         PUBLIC        IP
  C:0278H         PUBLIC        _Led_set
  C:0316H         PUBLIC        main
  D:0098H         PUBLIC        SCON
  D:0088H         PUBLIC        TCON
  D:001CH         PUBLIC        keys
  C:02E4H         PUBLIC        _Delay_1ms
  B:0090H.0       PUBLIC        key_i1
  B:0090H.4       PUBLIC        key_j1
  B:0090H.1       PUBLIC        key_i2
  B:0090H.5       PUBLIC        key_j2
  B:0090H.2       PUBLIC        key_i3
  B:00B0H.6       PUBLIC        Led1
  B:0090H.6       PUBLIC        key_j3
  B:00B0H.7       PUBLIC        Led2
  B:00B0H.5       PUBLIC        Led3
  B:00B0H.4       PUBLIC        Led4
  C:032CH         PUBLIC        _Delay
  D:00C8H         PUBLIC        T2CON
  C:02FAH         PUBLIC        _restart_Keys
  C:02ABH         PUBLIC        _Led_set_16
  C:023AH         PUBLIC        Led_display
  D:00D0H         PUBLIC        PSW
  C:0108H         PUBLIC        _Keys
  -------         PROC          _DELAY
  D:0006H         SYMBOL        i
  -------         DO            
  D:0004H         SYMBOL        x
  D:0005H         SYMBOL        j
  -------         ENDDO         
  C:032CH         LINE#         13
  C:032CH         LINE#         14
  C:032CH         LINE#         16
  C:0335H         LINE#         17
  C:033EH         LINE#         18
  -------         ENDPROC       _DELAY
  C:02E0H         SYMBOL        L?0056
  -------         PROC          L?0055
  -------         ENDPROC       L?0055
  C:02E0H         SYMBOL        L?0056
  -------         PROC          _DELAY_1MS
  D:0006H         SYMBOL        i
  -------         DO            
  D:0004H         SYMBOL        x
  D:0005H         SYMBOL        j
  -------         ENDDO         
  C:02E4H         LINE#         25
  C:02E4H         LINE#         26
BL51 BANKED LINKER/LOCATER V5.03                                                      03/24/2013  17:59:33  PAGE 4


  C:02E4H         LINE#         28
  C:02EDH         LINE#         29
  C:02F9H         LINE#         30
  -------         ENDPROC       _DELAY_1MS
  -------         PROC          LED_DISPLAY
  C:023AH         LINE#         19
  C:023AH         LINE#         20
  C:023AH         LINE#         21
  C:0241H         LINE#         22
  C:0249H         LINE#         23
  C:024BH         LINE#         24
  C:024DH         LINE#         25
  C:024DH         LINE#         26
  C:024DH         LINE#         27
  C:0250H         LINE#         28
  C:0255H         LINE#         29
  C:0257H         LINE#         30
  C:0259H         LINE#         31
  C:0259H         LINE#         32
  C:0259H         LINE#         33
  C:025CH         LINE#         34
  C:0261H         LINE#         35
  C:0263H         LINE#         36
  C:0265H         LINE#         37
  C:0267H         LINE#         38
  C:0267H         LINE#         39
  C:026AH         LINE#         40
  C:026FH         LINE#         41
  C:0271H         LINE#         42
  C:0273H         LINE#         43
  C:0275H         LINE#         44
  C:0277H         LINE#         45
  -------         ENDPROC       LED_DISPLAY
  -------         PROC          _LED_SET
  D:0012H         SYMBOL        a
  -------         DO            
  D:0002H         SYMBOL        i
  -------         ENDDO         
  C:0278H         LINE#         52
  C:027CH         LINE#         53
  C:027CH         LINE#         55
  C:027FH         LINE#         56
  C:027FH         LINE#         57
  C:0290H         LINE#         58
  C:029FH         LINE#         59
  C:02AAH         LINE#         60
  -------         ENDPROC       _LED_SET
  -------         PROC          _LED_SET_16
  D:0024H         SYMBOL        a
  -------         DO            
  D:0002H         SYMBOL        i
  -------         ENDDO         
  C:02ABH         LINE#         67
  C:02AFH         LINE#         68
  C:02AFH         LINE#         70
  C:02B2H         LINE#         71
  C:02B2H         LINE#         72
BL51 BANKED LINKER/LOCATER V5.03                                                      03/24/2013  17:59:33  PAGE 5


  C:02C3H         LINE#         73
  C:02D2H         LINE#         74
  C:02DDH         LINE#         75
  -------         ENDPROC       _LED_SET_16
  -------         PROC          _RESTART_KEYS
  D:0015H         SYMBOL        keys
  -------         DO            
  D:0007H         SYMBOL        i
  -------         ENDDO         
  C:02FAH         LINE#         22
  C:0300H         LINE#         23
  C:0300H         LINE#         25
  C:0302H         LINE#         26
  C:0302H         LINE#         27
  C:0311H         LINE#         28
  C:0315H         LINE#         29
  -------         ENDPROC       _RESTART_KEYS
  -------         PROC          _KEYS
  D:0012H         SYMBOL        keys
  C:0108H         LINE#         36
  C:010EH         LINE#         37
  C:010EH         LINE#         38
  C:0111H         LINE#         39
  C:0114H         LINE#         40
  C:011DH         LINE#         41
  C:011DH         LINE#         42
  C:0120H         LINE#         43
  C:012DH         LINE#         44
  C:0130H         LINE#         45
  C:013DH         LINE#         46
  C:0149H         LINE#         47
  C:014DH         LINE#         49
  C:0152H         LINE#         50
  C:0155H         LINE#         51
  C:0158H         LINE#         52
  C:0162H         LINE#         53
  C:0165H         LINE#         54
  C:016FH         LINE#         55
  C:0178H         LINE#         56
  C:017CH         LINE#         58
  C:0181H         LINE#         59
  C:01AAH         LINE#         60
  C:01AAH         LINE#         62
  C:01ADH         LINE#         64
  -------         ENDPROC       _KEYS
  -------         PROC          MAIN
  -------         DO            
  D:0008H         SYMBOL        i
  D:000AH         SYMBOL        j
  D:000CH         SYMBOL        k
  D:000EH         SYMBOL        t
  D:0010H         SYMBOL        n
  -------         ENDDO         
  C:0316H         LINE#         6
  C:0316H         LINE#         7
  C:0316H         LINE#         8
  C:031BH         LINE#         9
BL51 BANKED LINKER/LOCATER V5.03                                                      03/24/2013  17:59:33  PAGE 6


  C:031BH         LINE#         10
  C:031BH         LINE#         11
  C:0327H         LINE#         12
  C:032AH         LINE#         13
  -------         ENDPROC       MAIN
  -------         ENDMOD        KEYBOARD

  -------         MODULE        ?C?CLDPTR
  C:0003H         PUBLIC        ?C?CLDPTR
  -------         ENDMOD        ?C?CLDPTR

  -------         MODULE        ?C?CLDOPTR
  C:001CH         PUBLIC        ?C?CLDOPTR
  -------         ENDMOD        ?C?CLDOPTR

  -------         MODULE        ?C?CSTPTR
  C:0049H         PUBLIC        ?C?CSTPTR
  -------         ENDMOD        ?C?CSTPTR

  -------         MODULE        ?C?CSTOPTR
  C:005BH         PUBLIC        ?C?CSTOPTR
  -------         ENDMOD        ?C?CSTOPTR

  -------         MODULE        ?C?SIDIV
  C:007DH         PUBLIC        ?C?SIDIV
  -------         ENDMOD        ?C?SIDIV

  -------         MODULE        ?C?UIDIV
  C:00B3H         PUBLIC        ?C?UIDIV
  -------         ENDMOD        ?C?UIDIV

*** WARNING L16: UNCALLED SEGMENT, IGNORED FOR OVERLAY PROCESS
    SEGMENT: ?PR?_DELAY?KEYBOARD

*** WARNING L16: UNCALLED SEGMENT, IGNORED FOR OVERLAY PROCESS
    SEGMENT: ?PR?_LED_SET_16?KEYBOARD

Program Size: data=39.0 xdata=0 code=864
LINK/LOCATE RUN COMPLETE.  2 WARNING(S),  0 ERROR(S)
