BL51 BANKED LINKER/LOCATER V6.22                                                        04/03/2013  03:00:37  PAGE 1


BL51 BANKED LINKER/LOCATER V6.22, INVOKED BY:
C:\KEIL\C51\BIN\BL51.EXE STARTUP.obj, pwm.obj TO new RAMSIZE (256)


MEMORY MODEL: SMALL


INPUT MODULES INCLUDED:
  STARTUP.obj (?C_STARTUP)
  pwm.obj (PWM)
  C:\KEIL\C51\LIB\C51S.LIB (?C_INIT)
  C:\KEIL\C51\LIB\C51S.LIB (?C?CLDPTR)
  C:\KEIL\C51\LIB\C51S.LIB (?C?CLDOPTR)
  C:\KEIL\C51\LIB\C51S.LIB (?C?SIDIV)
  C:\KEIL\C51\LIB\C51S.LIB (?C?UIDIV)


LINK MAP OF MODULE:  new (?C_STARTUP)


            TYPE    BASE      LENGTH    RELOCATION   SEGMENT NAME
            -----------------------------------------------------

            * * * * * * *   D A T A   M E M O R Y   * * * * * * *
            REG     0000H     0008H     ABSOLUTE     "REG BANK 0"
            DATA    0008H     000BH     UNIT         ?DT?PWM
            DATA    0013H     0004H     UNIT         _DATA_GROUP_
            DATA    0017H     0002H     UNIT         ?DT?_LED_SET_16?PWM
                    0019H     0007H                  *** GAP ***
            BIT     0020H.0   0000H.2   UNIT         _BIT_GROUP_
                    0020H.2   0000H.6                *** GAP ***
            IDATA   0021H     0001H     UNIT         ?STACK

            * * * * * * *   C O D E   M E M O R Y   * * * * * * *
            CODE    0000H     0003H     ABSOLUTE     
            CODE    0003H     0005H     UNIT         ?PR?TIMER2?PWM
                    0008H     0003H                  *** GAP ***
            CODE    000BH     0003H     ABSOLUTE     
            CODE    000EH     001CH     UNIT         ?PR?_DELAY_1MS?PWM
                    002AH     0001H                  *** GAP ***
            CODE    002BH     0003H     ABSOLUTE     
            CODE    002EH     00D1H     UNIT         ?C?LIB_CODE
            CODE    00FFH     008CH     UNIT         ?C_C51STARTUP
            CODE    018BH     007EH     UNIT         ?PR?MAIN?PWM
            CODE    0209H     0054H     UNIT         ?PR?_LED_DISPLAY?PWM
            CODE    025DH     0033H     UNIT         ?PR?_LED_SET?PWM
            CODE    0290H     0033H     UNIT         ?PR?_LED_SET_16?PWM
            CODE    02C3H     002EH     UNIT         ?PR?TIMER0?PWM
            CODE    02F1H     001AH     UNIT         ?C_INITSEG
            CODE    030BH     0013H     UNIT         ?PR?_DELAY?PWM
            CODE    031EH     0010H     UNIT         ?PR?SETTIMER0?PWM
            CODE    032EH     0010H     UNIT         ?CO?PWM
            CODE    033EH     000DH     UNIT         ?PR?SETTIMER2?PWM



OVERLAY MAP OF MODULE:   new (?C_STARTUP)

BL51 BANKED LINKER/LOCATER V6.22                                                      04/03/2013  03:00:37  PAGE 2



SEGMENT                           BIT_GROUP          DATA_GROUP 
  +--> CALLED SEGMENT          START    LENGTH     START    LENGTH
------------------------------------------------------------------
?C_C51STARTUP                  -----    -----      -----    -----
  +--> ?PR?MAIN?PWM
  +--> ?C_INITSEG

?PR?MAIN?PWM                   0020H.0  0000H.2    0013H    0002H
  +--> ?PR?SETTIMER0?PWM
  +--> ?PR?SETTIMER2?PWM
  +--> ?PR?_LED_SET?PWM
  +--> ?PR?_LED_DISPLAY?PWM

?PR?_LED_SET?PWM               -----    -----      0015H    0002H

?PR?_LED_DISPLAY?PWM           -----    -----      -----    -----
  +--> ?PR?_DELAY_1MS?PWM
  +--> ?CO?PWM



SYMBOL TABLE OF MODULE:  new (?C_STARTUP)

  VALUE           TYPE          NAME
  ----------------------------------

  -------         MODULE        ?C_STARTUP
  C:00FFH         SEGMENT       ?C_C51STARTUP
  I:0021H         SEGMENT       ?STACK
  C:0000H         PUBLIC        ?C_STARTUP
  D:00E0H         SYMBOL        ACC
  D:00F0H         SYMBOL        B
  D:0083H         SYMBOL        DPH
  D:0082H         SYMBOL        DPL
  N:0000H         SYMBOL        IBPSTACK
  N:0100H         SYMBOL        IBPSTACKTOP
  N:0080H         SYMBOL        IDATALEN
  C:0102H         SYMBOL        IDATALOOP
  N:0000H         SYMBOL        PBPSTACK
  N:0100H         SYMBOL        PBPSTACKTOP
  N:0000H         SYMBOL        PDATALEN
  N:0000H         SYMBOL        PDATASTART
  N:0000H         SYMBOL        PPAGE
  N:0000H         SYMBOL        PPAGEENABLE
  D:00A0H         SYMBOL        PPAGE_SFR
  D:0081H         SYMBOL        SP
  C:00FFH         SYMBOL        STARTUP1
  N:0000H         SYMBOL        XBPSTACK
  N:0000H         SYMBOL        XBPSTACKTOP
  N:0000H         SYMBOL        XDATALEN
  N:0000H         SYMBOL        XDATASTART
  C:0000H         LINE#         126
  C:00FFH         LINE#         133
  C:0101H         LINE#         134
  C:0102H         LINE#         135
  C:0103H         LINE#         136
BL51 BANKED LINKER/LOCATER V6.22                                                      04/03/2013  03:00:37  PAGE 3


  C:0105H         LINE#         185
  C:0108H         LINE#         196
  -------         ENDMOD        ?C_STARTUP

  -------         MODULE        PWM
  C:0000H         SYMBOL        _ICE_DUMMY_
  D:0080H         PUBLIC        P0
  D:000AH         PUBLIC        count_interrupt
  D:0090H         PUBLIC        P1
  D:00B0H         PUBLIC        P3
  B:00A8H.7       PUBLIC        EA
  C:032EH         PUBLIC        table
  C:0290H         PUBLIC        _Led_set_16
  D:00A8H         PUBLIC        IE
  D:000BH         PUBLIC        LED_Buffer
  D:00B8H         PUBLIC        IP
  D:000FH         PUBLIC        ON
  D:00CBH         PUBLIC        RCAP2H
  D:0010H         PUBLIC        timer
  D:00CAH         PUBLIC        RCAP2L
  C:018BH         PUBLIC        main
  C:02C3H         PUBLIC        Timer0
  D:0098H         PUBLIC        SCON
  D:0089H         PUBLIC        TMOD
  D:0088H         PUBLIC        TCON
  C:0003H         PUBLIC        Timer2
  C:025DH         PUBLIC        _Led_set
  B:00B0H.6       PUBLIC        Led1
  B:00B0H.7       PUBLIC        Led2
  B:00B0H.5       PUBLIC        Led3
  B:00A8H.1       PUBLIC        ET0
  B:00B0H.4       PUBLIC        Led4
  B:00A8H.5       PUBLIC        ET2
  B:00C8H.7       PUBLIC        TF2
  D:008CH         PUBLIC        TH0
  D:008AH         PUBLIC        TL0
  B:0088H.4       PUBLIC        TR0
  B:00C8H.2       PUBLIC        TR2
  D:0011H         PUBLIC        OFF
  C:031EH         PUBLIC        SetTimer0
  C:033EH         PUBLIC        SetTimer2
  C:0014H         PUBLIC        _Delay_1ms
  D:00C8H         PUBLIC        T2CON
  C:0209H         PUBLIC        _Led_display
  C:030BH         PUBLIC        _Delay
  D:0012H         PUBLIC        PWM
  D:00D0H         PUBLIC        PSW
  -------         PROC          _DELAY
  D:0006H         SYMBOL        i
  -------         DO            
  D:0004H         SYMBOL        x
  D:0005H         SYMBOL        j
  -------         ENDDO         
  C:030BH         LINE#         16
  C:030BH         LINE#         17
  C:030BH         LINE#         19
  C:0314H         LINE#         20
BL51 BANKED LINKER/LOCATER V6.22                                                      04/03/2013  03:00:37  PAGE 4


  C:031DH         LINE#         21
  -------         ENDPROC       _DELAY
  C:0010H         SYMBOL        L?0051
  -------         PROC          L?0050
  -------         ENDPROC       L?0050
  C:0010H         SYMBOL        L?0051
  -------         PROC          _DELAY_1MS
  D:0006H         SYMBOL        i
  -------         DO            
  D:0004H         SYMBOL        x
  D:0005H         SYMBOL        j
  -------         ENDDO         
  C:0014H         LINE#         28
  C:0014H         LINE#         29
  C:0014H         LINE#         31
  C:001DH         LINE#         32
  C:0029H         LINE#         33
  -------         ENDPROC       _DELAY_1MS
  -------         PROC          _LED_DISPLAY
  D:0001H         SYMBOL        data1
  C:0209H         LINE#         19
  C:0209H         LINE#         20
  C:0209H         LINE#         21
  C:0210H         LINE#         22
  C:0219H         LINE#         23
  C:021BH         LINE#         24
  C:021DH         LINE#         25
  C:021DH         LINE#         26
  C:021DH         LINE#         27
  C:0220H         LINE#         28
  C:022CH         LINE#         29
  C:022EH         LINE#         30
  C:0230H         LINE#         31
  C:0230H         LINE#         32
  C:0230H         LINE#         33
  C:0233H         LINE#         34
  C:023FH         LINE#         35
  C:0241H         LINE#         36
  C:0243H         LINE#         37
  C:0245H         LINE#         38
  C:0245H         LINE#         39
  C:0248H         LINE#         40
  C:0254H         LINE#         41
  C:0256H         LINE#         42
  C:0258H         LINE#         43
  C:025AH         LINE#         44
  C:025CH         LINE#         45
  -------         ENDPROC       _LED_DISPLAY
  -------         PROC          _LED_SET
  D:0015H         SYMBOL        a
  -------         DO            
  D:0002H         SYMBOL        i
  -------         ENDDO         
  C:025DH         LINE#         52
  C:0261H         LINE#         53
  C:0261H         LINE#         55
  C:0264H         LINE#         56
BL51 BANKED LINKER/LOCATER V6.22                                                      04/03/2013  03:00:37  PAGE 5


  C:0264H         LINE#         57
  C:0275H         LINE#         58
  C:0284H         LINE#         59
  C:028FH         LINE#         60
  -------         ENDPROC       _LED_SET
  -------         PROC          _LED_SET_16
  D:0017H         SYMBOL        a
  -------         DO            
  D:0002H         SYMBOL        i
  -------         ENDDO         
  C:0290H         LINE#         67
  C:0294H         LINE#         68
  C:0294H         LINE#         70
  C:0297H         LINE#         71
  C:0297H         LINE#         72
  C:02A8H         LINE#         73
  C:02B7H         LINE#         74
  C:02C2H         LINE#         75
  -------         ENDPROC       _LED_SET_16
  -------         PROC          MAIN
  -------         DO            
  B:0020H.0       SYMBOL        flag
  D:0013H         SYMBOL        flag2
  D:0014H         SYMBOL        flag3
  -------         DO            
  B:0020H.1       SYMBOL        temp
  -------         ENDDO         
  -------         ENDDO         
  C:018BH         LINE#         9
  C:018BH         LINE#         10
  C:018BH         LINE#         11
  C:018DH         LINE#         12
  C:0190H         LINE#         13
  C:0192H         LINE#         14
  C:0195H         LINE#         15
  C:0198H         LINE#         16
  C:019BH         LINE#         17
  C:019BH         LINE#         18
  C:019BH         LINE#         19
  C:019FH         LINE#         20
  C:01A5H         LINE#         21
  C:01A5H         LINE#         22
  C:01A8H         LINE#         23
  C:01A8H         LINE#         24
  C:01AAH         LINE#         25
  C:01AFH         LINE#         26
  C:01B1H         LINE#         27
  C:01B3H         LINE#         29
  C:01B3H         LINE#         30
  C:01B6H         LINE#         31
  C:01B6H         LINE#         32
  C:01B8H         LINE#         33
  C:01B8H         LINE#         34
  C:01BFH         LINE#         35
  C:01C2H         LINE#         36
  C:01CAH         LINE#         37
  C:01CCH         LINE#         38
BL51 BANKED LINKER/LOCATER V6.22                                                      04/03/2013  03:00:37  PAGE 6


  C:01D2H         LINE#         39
  C:01D2H         LINE#         40
  C:01D9H         LINE#         41
  C:01D9H         LINE#         42
  C:01DCH         LINE#         43
  C:01E0H         LINE#         44
  C:01E0H         LINE#         45
  C:01E2H         LINE#         47
  C:01E2H         LINE#         48
  C:01E5H         LINE#         49
  C:01EBH         LINE#         50
  C:01EEH         LINE#         51
  C:01EEH         LINE#         52
  C:01F1H         LINE#         53
  C:01F3H         LINE#         54
  C:01F8H         LINE#         55
  C:01FBH         LINE#         56
  C:01FEH         LINE#         57
  C:01FEH         LINE#         58
  C:01FEH         LINE#         59
  C:0207H         LINE#         60
  -------         ENDPROC       MAIN
  -------         PROC          TIMER0
  -------         DO            
  D:0008H         SYMBOL        t
  -------         ENDDO         
  C:02C3H         LINE#         62
  C:02C7H         LINE#         65
  C:02CFH         LINE#         66
  C:02CFH         LINE#         67
  C:02D3H         LINE#         68
  C:02D6H         LINE#         69
  C:02D8H         LINE#         70
  C:02E1H         LINE#         71
  C:02E1H         LINE#         72
  C:02E4H         LINE#         73
  C:02E4H         LINE#         74
  C:02ECH         LINE#         75
  -------         ENDPROC       TIMER0
  -------         PROC          TIMER2
  C:0003H         LINE#         76
  C:0003H         LINE#         78
  C:0005H         LINE#         79
  C:0007H         LINE#         80
  -------         ENDPROC       TIMER2
  -------         PROC          SETTIMER0
  C:031EH         LINE#         81
  C:031EH         LINE#         82
  C:031EH         LINE#         83
  C:0321H         LINE#         84
  C:0324H         LINE#         85
  C:0327H         LINE#         86
  C:0329H         LINE#         87
  C:032BH         LINE#         88
  C:032DH         LINE#         89
  -------         ENDPROC       SETTIMER0
  -------         PROC          SETTIMER2
BL51 BANKED LINKER/LOCATER V6.22                                                      04/03/2013  03:00:37  PAGE 7


  C:033EH         LINE#         90
  C:033EH         LINE#         91
  C:033EH         LINE#         92
  C:0341H         LINE#         93
  C:0344H         LINE#         94
  C:0346H         LINE#         95
  C:0348H         LINE#         96
  C:034AH         LINE#         97
  -------         ENDPROC       SETTIMER2
  -------         ENDMOD        PWM

  -------         MODULE        ?C?CLDPTR
  C:002EH         PUBLIC        ?C?CLDPTR
  -------         ENDMOD        ?C?CLDPTR

  -------         MODULE        ?C?CLDOPTR
  C:0047H         PUBLIC        ?C?CLDOPTR
  -------         ENDMOD        ?C?CLDOPTR

  -------         MODULE        ?C?SIDIV
  C:0074H         PUBLIC        ?C?SIDIV
  -------         ENDMOD        ?C?SIDIV

  -------         MODULE        ?C?UIDIV
  C:00AAH         PUBLIC        ?C?UIDIV
  -------         ENDMOD        ?C?UIDIV

*** WARNING L16: UNCALLED SEGMENT, IGNORED FOR OVERLAY PROCESS
    SEGMENT: ?PR?_DELAY?PWM

*** WARNING L16: UNCALLED SEGMENT, IGNORED FOR OVERLAY PROCESS
    SEGMENT: ?PR?_LED_SET_16?PWM

Program Size: data=26.2 xdata=0 code=839
LINK/LOCATE RUN COMPLETE.  2 WARNING(S),  0 ERROR(S)
