BL51 BANKED LINKER/LOCATER V5.03                                                        03/25/2013  17:47:33  PAGE 1


BL51 BANKED LINKER/LOCATER V5.03, INVOKED BY:
C:\KEIL\C51\BIN\BL51.EXE STARTUP.obj, ck2.obj TO ck2 RAMSIZE (256)


MEMORY MODEL: SMALL


INPUT MODULES INCLUDED:
  STARTUP.obj (?C_STARTUP)
  ck2.obj (CK2)
  C:\KEIL\C51\LIB\C51S.LIB (?C_INIT)
  C:\KEIL\C51\LIB\C51S.LIB (?C?SIDIV)
  C:\KEIL\C51\LIB\C51S.LIB (?C?UIDIV)


LINK MAP OF MODULE:  ck2 (?C_STARTUP)


            TYPE    BASE      LENGTH    RELOCATION   SEGMENT NAME
            -----------------------------------------------------

            * * * * * * *   D A T A   M E M O R Y   * * * * * * *
            REG     0000H     0008H     ABSOLUTE     "REG BANK 0"
            DATA    0008H     000EH     UNIT         ?DT?CK2
            DATA    0016H     0006H     UNIT         _DATA_GROUP_
            DATA    001CH     0002H     UNIT         ?DT?_LED_SET_16?CK2
            IDATA   001EH     0001H     UNIT         ?STACK

            * * * * * * *   C O D E   M E M O R Y   * * * * * * *
            CODE    0000H     0003H     ABSOLUTE     
            CODE    0003H     001CH     UNIT         ?PR?_DELAY_1MS?CK2
            CODE    001FH     0005H     UNIT         ?PR?TIMER_ET2_50MS?CK2
                    0024H     0007H                  *** GAP ***
            CODE    002BH     0003H     ABSOLUTE     
            CODE    002EH     008CH     UNIT         ?C_C51STARTUP
            CODE    00BAH     008BH     UNIT         ?C?LIB_CODE
            CODE    0145H     003EH     UNIT         ?PR?LED_DISPLAY?CK2
            CODE    0183H     0034H     UNIT         ?PR?MAIN?CK2
            CODE    01B7H     0033H     UNIT         ?PR?_LED_SET?CK2
            CODE    01EAH     0033H     UNIT         ?PR?_LED_SET_16?CK2
            CODE    021DH     0013H     UNIT         ?PR?_DELAY?CK2
            CODE    0230H     0012H     UNIT         ?C_INITSEG
            CODE    0242H     0010H     UNIT         ?CO?CK2



OVERLAY MAP OF MODULE:   ck2 (?C_STARTUP)


SEGMENT                          DATA_GROUP 
  +--> CALLED SEGMENT          START    LENGTH
----------------------------------------------
?C_C51STARTUP                  -----    -----
  +--> ?PR?MAIN?CK2
  +--> ?C_INITSEG

?PR?MAIN?CK2                   0016H    0004H
  +--> ?PR?_LED_SET?CK2
BL51 BANKED LINKER/LOCATER V5.03                                                      03/25/2013  17:47:33  PAGE 2


  +--> ?PR?LED_DISPLAY?CK2

?PR?_LED_SET?CK2               001AH    0002H

?PR?LED_DISPLAY?CK2            -----    -----
  +--> ?PR?_DELAY_1MS?CK2
  +--> ?CO?CK2



SYMBOL TABLE OF MODULE:  ck2 (?C_STARTUP)

  VALUE           TYPE          NAME
  ----------------------------------

  -------         MODULE        ?C_STARTUP
  C:002EH         SEGMENT       ?C_C51STARTUP
  I:001EH         SEGMENT       ?STACK
  C:0000H         PUBLIC        ?C_STARTUP
  D:00E0H         SYMBOL        ACC
  D:00F0H         SYMBOL        B
  D:0083H         SYMBOL        DPH
  D:0082H         SYMBOL        DPL
  N:0000H         SYMBOL        IBPSTACK
  N:0100H         SYMBOL        IBPSTACKTOP
  N:0080H         SYMBOL        IDATALEN
  C:0031H         SYMBOL        IDATALOOP
  N:0000H         SYMBOL        PBPSTACK
  N:0000H         SYMBOL        PBPSTACKTOP
  N:0000H         SYMBOL        PDATALEN
  N:0000H         SYMBOL        PDATASTART
  N:0000H         SYMBOL        PPAGE
  N:0000H         SYMBOL        PPAGEENABLE
  D:00A0H         SYMBOL        PPAGE_SFR
  D:0081H         SYMBOL        SP
  C:002EH         SYMBOL        STARTUP1
  N:0000H         SYMBOL        XBPSTACK
  N:0000H         SYMBOL        XBPSTACKTOP
  N:0000H         SYMBOL        XDATALEN
  N:0000H         SYMBOL        XDATASTART
  C:0000H         LINE#         92
  C:002EH         LINE#         99
  C:0030H         LINE#         100
  C:0031H         LINE#         101
  C:0032H         LINE#         102
  C:0034H         LINE#         151
  C:0037H         LINE#         155
  -------         ENDMOD        ?C_STARTUP

  -------         MODULE        CK2
  C:0000H         SYMBOL        _ICE_DUMMY_
  D:0080H         PUBLIC        P0
  D:0090H         PUBLIC        P1
  D:00B0H         PUBLIC        P3
  B:00A8H.7       PUBLIC        EA
  C:0242H         PUBLIC        table
  D:00A8H         PUBLIC        IE
BL51 BANKED LINKER/LOCATER V5.03                                                      03/25/2013  17:47:33  PAGE 3


  D:0008H         PUBLIC        LED_Buffer
  D:000CH         PUBLIC        Led
  D:00B8H         PUBLIC        IP
  D:00CBH         PUBLIC        RCAP2H
  D:0015H         PUBLIC        timer
  C:01B7H         PUBLIC        _Led_set
  D:00CAH         PUBLIC        RCAP2L
  C:0183H         PUBLIC        main
  D:0098H         PUBLIC        SCON
  D:0088H         PUBLIC        TCON
  C:0009H         PUBLIC        _Delay_1ms
  B:00B0H.6       PUBLIC        Led1
  B:00B0H.7       PUBLIC        Led2
  B:00B0H.5       PUBLIC        Led3
  B:00B0H.4       PUBLIC        Led4
  B:00A8H.5       PUBLIC        ET2
  B:00C8H.7       PUBLIC        TF2
  C:021DH         PUBLIC        _Delay
  C:001FH         PUBLIC        Timer_ET2_50ms
  B:00C8H.2       PUBLIC        TR2
  B:0090H.1       PUBLIC        idpdt_led2
  D:00C8H         PUBLIC        T2CON
  C:01EAH         PUBLIC        _Led_set_16
  C:0145H         PUBLIC        Led_display
  D:00D0H         PUBLIC        PSW
  -------         PROC          _DELAY
  D:0006H         SYMBOL        i
  -------         DO            
  D:0004H         SYMBOL        x
  D:0005H         SYMBOL        j
  -------         ENDDO         
  C:021DH         LINE#         15
  C:021DH         LINE#         16
  C:021DH         LINE#         18
  C:0226H         LINE#         19
  C:022FH         LINE#         20
  -------         ENDPROC       _DELAY
  C:0005H         SYMBOL        L?0033
  -------         PROC          L?0032
  -------         ENDPROC       L?0032
  C:0005H         SYMBOL        L?0033
  -------         PROC          _DELAY_1MS
  D:0006H         SYMBOL        i
  -------         DO            
  D:0004H         SYMBOL        x
  D:0005H         SYMBOL        j
  -------         ENDDO         
  C:0009H         LINE#         27
  C:0009H         LINE#         28
  C:0009H         LINE#         30
  C:0012H         LINE#         31
  C:001EH         LINE#         32
  -------         ENDPROC       _DELAY_1MS
  -------         PROC          LED_DISPLAY
  C:0145H         LINE#         19
  C:0145H         LINE#         20
  C:0145H         LINE#         21
BL51 BANKED LINKER/LOCATER V5.03                                                      03/25/2013  17:47:33  PAGE 4


  C:014CH         LINE#         22
  C:0154H         LINE#         23
  C:0156H         LINE#         24
  C:0158H         LINE#         25
  C:0158H         LINE#         26
  C:0158H         LINE#         27
  C:015BH         LINE#         28
  C:0160H         LINE#         29
  C:0162H         LINE#         30
  C:0164H         LINE#         31
  C:0164H         LINE#         32
  C:0164H         LINE#         33
  C:0167H         LINE#         34
  C:016CH         LINE#         35
  C:016EH         LINE#         36
  C:0170H         LINE#         37
  C:0172H         LINE#         38
  C:0172H         LINE#         39
  C:0175H         LINE#         40
  C:017AH         LINE#         41
  C:017CH         LINE#         42
  C:017EH         LINE#         43
  C:0180H         LINE#         44
  C:0182H         LINE#         45
  -------         ENDPROC       LED_DISPLAY
  -------         PROC          _LED_SET
  D:001AH         SYMBOL        a
  -------         DO            
  D:0002H         SYMBOL        i
  -------         ENDDO         
  C:01B7H         LINE#         52
  C:01BBH         LINE#         53
  C:01BBH         LINE#         55
  C:01BEH         LINE#         56
  C:01BEH         LINE#         57
  C:01CFH         LINE#         58
  C:01DEH         LINE#         59
  C:01E9H         LINE#         60
  -------         ENDPROC       _LED_SET
  -------         PROC          _LED_SET_16
  D:001CH         SYMBOL        a
  -------         DO            
  D:0002H         SYMBOL        i
  -------         ENDDO         
  C:01EAH         LINE#         67
  C:01EEH         LINE#         68
  C:01EEH         LINE#         70
  C:01F1H         LINE#         71
  C:01F1H         LINE#         72
  C:0202H         LINE#         73
  C:0211H         LINE#         74
  C:021CH         LINE#         75
  -------         ENDPROC       _LED_SET_16
  -------         PROC          MAIN
  -------         DO            
  D:0016H         SYMBOL        i
  D:0018H         SYMBOL        flag
BL51 BANKED LINKER/LOCATER V5.03                                                      03/25/2013  17:47:33  PAGE 5


  D:0019H         SYMBOL        flag2
  -------         ENDDO         
  C:0183H         LINE#         16
  C:0183H         LINE#         17
  C:0183H         LINE#         18
  C:0188H         LINE#         19
  C:018EH         LINE#         20
  C:0190H         LINE#         21
  C:0193H         LINE#         22
  C:0195H         LINE#         23
  C:0197H         LINE#         24
  C:0199H         LINE#         35
  C:019BH         LINE#         36
  C:019BH         LINE#         37
  C:019BH         LINE#         38
  C:01A0H         LINE#         39
  C:01A0H         LINE#         40
  C:01A7H         LINE#         41
  C:01AFH         LINE#         42
  C:01B2H         LINE#         43
  C:01B2H         LINE#         44
  C:01B5H         LINE#         45
  -------         ENDPROC       MAIN
  -------         PROC          TIMER_ET2_50MS
  C:001FH         LINE#         57
  C:001FH         LINE#         59
  C:0021H         LINE#         60
  C:0023H         LINE#         61
  -------         ENDPROC       TIMER_ET2_50MS
  -------         ENDMOD        CK2

  -------         MODULE        ?C?SIDIV
  C:00BAH         PUBLIC        ?C?SIDIV
  -------         ENDMOD        ?C?SIDIV

  -------         MODULE        ?C?UIDIV
  C:00F0H         PUBLIC        ?C?UIDIV
  -------         ENDMOD        ?C?UIDIV

*** WARNING L16: UNCALLED SEGMENT, IGNORED FOR OVERLAY PROCESS
    SEGMENT: ?PR?_DELAY?CK2

*** WARNING L16: UNCALLED SEGMENT, IGNORED FOR OVERLAY PROCESS
    SEGMENT: ?PR?_LED_SET_16?CK2

Program Size: data=31.0 xdata=0 code=587
LINK/LOCATE RUN COMPLETE.  2 WARNING(S),  0 ERROR(S)
