BL51 BANKED LINKER/LOCATER V6.22                                                        03/28/2013  14:21:36  PAGE 1


BL51 BANKED LINKER/LOCATER V6.22, INVOKED BY:
C:\KEIL\C51\BIN\BL51.EXE STARTUP.obj, time2.obj TO time2 RAMSIZE (256)


MEMORY MODEL: SMALL


INPUT MODULES INCLUDED:
  STARTUP.obj (?C_STARTUP)
  time2.obj (TIME2)
  C:\KEIL\C51\LIB\C51S.LIB (?C_INIT)
  C:\KEIL\C51\LIB\C51S.LIB (?C?CLDPTR)
  C:\KEIL\C51\LIB\C51S.LIB (?C?CLDOPTR)
  C:\KEIL\C51\LIB\C51S.LIB (?C?CSTPTR)
  C:\KEIL\C51\LIB\C51S.LIB (?C?CSTOPTR)
  C:\KEIL\C51\LIB\C51S.LIB (?C?IMUL)
  C:\KEIL\C51\LIB\C51S.LIB (?C?UIDIV)
  C:\KEIL\C51\LIB\C51S.LIB (?C?SIDIV)
  C:\KEIL\C51\LIB\C51S.LIB (?C?ILDPTR)
  C:\KEIL\C51\LIB\C51S.LIB (?C?ISTPTR)


LINK MAP OF MODULE:  time2 (?C_STARTUP)


            TYPE    BASE      LENGTH    RELOCATION   SEGMENT NAME
            -----------------------------------------------------

            * * * * * * *   D A T A   M E M O R Y   * * * * * * *
            REG     0000H     0008H     ABSOLUTE     "REG BANK 0"
            DATA    0008H     0017H     UNIT         ?DT?TIME2
            DATA    001FH     0006H     UNIT         _DATA_GROUP_
            DATA    0025H     0003H     UNIT         ?DT?_RESTART_KEYS?TIME2
            DATA    0028H     0003H     UNIT         ?DT?_KEYS?TIME2
            DATA    002BH     0002H     UNIT         ?DT?_LED_SET_16?TIME2
            IDATA   002DH     0001H     UNIT         ?STACK

            * * * * * * *   C O D E   M E M O R Y   * * * * * * *
            CODE    0000H     0003H     ABSOLUTE     
            CODE    0003H     001CH     UNIT         ?PR?_DELAY_1MS?TIME2
                    001FH     0004H                  *** GAP ***
            CODE    0023H     0003H     ABSOLUTE     
                    0026H     0005H                  *** GAP ***
            CODE    002BH     0003H     ABSOLUTE     
            CODE    002EH     0161H     UNIT         ?C?LIB_CODE
            CODE    018FH     00A6H     UNIT         ?PR?_KEYS?TIME2
            CODE    0235H     008CH     UNIT         ?C_C51STARTUP
            CODE    02C1H     006CH     UNIT         ?PR?_SET_TIME?TIME2
            CODE    032DH     0061H     UNIT         ?PR?SERVER?TIME2
            CODE    038EH     0058H     UNIT         ?PR?MAIN?TIME2
            CODE    03E6H     0054H     UNIT         ?PR?_LED_DISPLAY?TIME2
            CODE    043AH     0033H     UNIT         ?PR?_LED_SET?TIME2
            CODE    046DH     0033H     UNIT         ?PR?_LED_SET_16?TIME2
            CODE    04A0H     0029H     UNIT         ?C_INITSEG
            CODE    04C9H     001CH     UNIT         ?PR?_RESTART_KEYS?TIME2
            CODE    04E5H     0019H     UNIT         ?PR?COM_INIT?TIME2
            CODE    04FEH     0013H     UNIT         ?PR?_DELAY?TIME2
            CODE    0511H     0010H     UNIT         ?CO?TIME2
BL51 BANKED LINKER/LOCATER V6.22                                                      03/28/2013  14:21:36  PAGE 2


            CODE    0521H     000FH     UNIT         ?PR?TIMER_ET2_50MS?TIME2
            CODE    0530H     0007H     UNIT         ?PR?SET_TIMER?TIME2



OVERLAY MAP OF MODULE:   time2 (?C_STARTUP)


SEGMENT                            DATA_GROUP 
  +--> CALLED SEGMENT            START    LENGTH
------------------------------------------------
?C_C51STARTUP                    -----    -----
  +--> ?PR?MAIN?TIME2
  +--> ?C_INITSEG

?PR?MAIN?TIME2                   -----    -----
  +--> ?PR?COM_INIT?TIME2
  +--> ?PR?SET_TIMER?TIME2
  +--> ?PR?_SET_TIME?TIME2
  +--> ?PR?_LED_SET?TIME2
  +--> ?PR?_LED_DISPLAY?TIME2

?PR?_SET_TIME?TIME2              001FH    0006H

?PR?_LED_SET?TIME2               001FH    0002H

?PR?_LED_DISPLAY?TIME2           -----    -----
  +--> ?PR?_DELAY_1MS?TIME2
  +--> ?CO?TIME2



SYMBOL TABLE OF MODULE:  time2 (?C_STARTUP)

  VALUE           TYPE          NAME
  ----------------------------------

  -------         MODULE        ?C_STARTUP
  C:0235H         SEGMENT       ?C_C51STARTUP
  I:002DH         SEGMENT       ?STACK
  C:0000H         PUBLIC        ?C_STARTUP
  D:00E0H         SYMBOL        ACC
  D:00F0H         SYMBOL        B
  D:0083H         SYMBOL        DPH
  D:0082H         SYMBOL        DPL
  N:0000H         SYMBOL        IBPSTACK
  N:0100H         SYMBOL        IBPSTACKTOP
  N:0080H         SYMBOL        IDATALEN
  C:0238H         SYMBOL        IDATALOOP
  N:0000H         SYMBOL        PBPSTACK
  N:0000H         SYMBOL        PBPSTACKTOP
  N:0000H         SYMBOL        PDATALEN
  N:0000H         SYMBOL        PDATASTART
  N:0000H         SYMBOL        PPAGE
  N:0000H         SYMBOL        PPAGEENABLE
  D:00A0H         SYMBOL        PPAGE_SFR
  D:0081H         SYMBOL        SP
BL51 BANKED LINKER/LOCATER V6.22                                                      03/28/2013  14:21:36  PAGE 3


  C:0235H         SYMBOL        STARTUP1
  N:0000H         SYMBOL        XBPSTACK
  N:0000H         SYMBOL        XBPSTACKTOP
  N:0000H         SYMBOL        XDATALEN
  N:0000H         SYMBOL        XDATASTART
  C:0000H         LINE#         92
  C:0235H         LINE#         99
  C:0237H         LINE#         100
  C:0238H         LINE#         101
  C:0239H         LINE#         102
  C:023BH         LINE#         151
  C:023EH         LINE#         155
  -------         ENDMOD        ?C_STARTUP

  -------         MODULE        TIME2
  C:0000H         SYMBOL        _ICE_DUMMY_
  D:0080H         PUBLIC        P0
  D:000BH         PUBLIC        count_interrupt
  D:0090H         PUBLIC        P1
  D:00B0H         PUBLIC        P3
  B:00A8H.7       PUBLIC        EA
  C:04C9H         PUBLIC        _restart_Keys
  C:0511H         PUBLIC        table
  C:046DH         PUBLIC        _Led_set_16
  D:00A8H         PUBLIC        IE
  D:000CH         PUBLIC        LED_Buffer
  B:00A8H.4       PUBLIC        ES
  D:00B8H         PUBLIC        IP
  C:032DH         PUBLIC        server
  B:0098H.0       PUBLIC        RI
  D:0010H         PUBLIC        flag
  B:0098H.1       PUBLIC        TI
  C:018FH         PUBLIC        _Keys
  D:00CBH         PUBLIC        RCAP2H
  D:0011H         PUBLIC        timer
  D:00CAH         PUBLIC        RCAP2L
  C:038EH         PUBLIC        main
  D:0099H         PUBLIC        SBUF
  D:0087H         PUBLIC        PCON
  D:0098H         PUBLIC        SCON
  D:0089H         PUBLIC        TMOD
  D:0088H         PUBLIC        TCON
  D:0013H         PUBLIC        temp
  D:0014H         PUBLIC        keys
  C:02C1H         PUBLIC        _Set_time
  C:043AH         PUBLIC        _Led_set
  B:0090H.0       PUBLIC        key_i1
  B:0090H.4       PUBLIC        key_j1
  B:0090H.1       PUBLIC        key_i2
  B:0090H.5       PUBLIC        key_j2
  B:0090H.2       PUBLIC        key_i3
  B:00B0H.6       PUBLIC        Led1
  B:0090H.6       PUBLIC        key_j3
  B:00B0H.7       PUBLIC        Led2
  D:001CH         PUBLIC        Temp1
  B:00B0H.5       PUBLIC        Led3
  B:00B0H.4       PUBLIC        Led4
BL51 BANKED LINKER/LOCATER V6.22                                                      03/28/2013  14:21:36  PAGE 4


  B:00A8H.5       PUBLIC        ET2
  B:00C8H.7       PUBLIC        TF2
  D:008DH         PUBLIC        TH1
  B:0098H.7       PUBLIC        SM0
  B:0098H.6       PUBLIC        SM1
  D:008BH         PUBLIC        TL1
  C:0530H         PUBLIC        set_timer
  C:0521H         PUBLIC        Timer_ET2_50ms
  C:04E5H         PUBLIC        com_init
  B:0088H.6       PUBLIC        TR1
  B:00C8H.2       PUBLIC        TR2
  D:001EH         PUBLIC        a
  C:0009H         PUBLIC        _Delay_1ms
  B:0098H.4       PUBLIC        REN
  D:00C8H         PUBLIC        T2CON
  C:03E6H         PUBLIC        _Led_display
  C:04FEH         PUBLIC        _Delay
  D:00D0H         PUBLIC        PSW
  -------         PROC          _DELAY
  D:0006H         SYMBOL        i
  -------         DO            
  D:0004H         SYMBOL        x
  D:0005H         SYMBOL        j
  -------         ENDDO         
  C:04FEH         LINE#         16
  C:04FEH         LINE#         17
  C:04FEH         LINE#         19
  C:0507H         LINE#         20
  C:0510H         LINE#         21
  -------         ENDPROC       _DELAY
  C:0005H         SYMBOL        L?0077
  -------         PROC          L?0076
  -------         ENDPROC       L?0076
  C:0005H         SYMBOL        L?0077
  -------         PROC          _DELAY_1MS
  D:0006H         SYMBOL        i
  -------         DO            
  D:0004H         SYMBOL        x
  D:0005H         SYMBOL        j
  -------         ENDDO         
  C:0009H         LINE#         28
  C:0009H         LINE#         29
  C:0009H         LINE#         31
  C:0012H         LINE#         32
  C:001EH         LINE#         33
  -------         ENDPROC       _DELAY_1MS
  -------         PROC          _LED_DISPLAY
  D:0001H         SYMBOL        data1
  C:03E6H         LINE#         19
  C:03E6H         LINE#         20
  C:03E6H         LINE#         21
  C:03EDH         LINE#         22
  C:03F6H         LINE#         23
  C:03F8H         LINE#         24
  C:03FAH         LINE#         25
  C:03FAH         LINE#         26
  C:03FAH         LINE#         27
BL51 BANKED LINKER/LOCATER V6.22                                                      03/28/2013  14:21:36  PAGE 5


  C:03FDH         LINE#         28
  C:0409H         LINE#         29
  C:040BH         LINE#         30
  C:040DH         LINE#         31
  C:040DH         LINE#         32
  C:040DH         LINE#         33
  C:0410H         LINE#         34
  C:041CH         LINE#         35
  C:041EH         LINE#         36
  C:0420H         LINE#         37
  C:0422H         LINE#         38
  C:0422H         LINE#         39
  C:0425H         LINE#         40
  C:0431H         LINE#         41
  C:0433H         LINE#         42
  C:0435H         LINE#         43
  C:0437H         LINE#         44
  C:0439H         LINE#         45
  -------         ENDPROC       _LED_DISPLAY
  -------         PROC          _LED_SET
  D:001FH         SYMBOL        a
  -------         DO            
  D:0002H         SYMBOL        i
  -------         ENDDO         
  C:043AH         LINE#         52
  C:043EH         LINE#         53
  C:043EH         LINE#         55
  C:0441H         LINE#         56
  C:0441H         LINE#         57
  C:0452H         LINE#         58
  C:0461H         LINE#         59
  C:046CH         LINE#         60
  -------         ENDPROC       _LED_SET
  -------         PROC          _LED_SET_16
  D:002BH         SYMBOL        a
  -------         DO            
  D:0002H         SYMBOL        i
  -------         ENDDO         
  C:046DH         LINE#         67
  C:0471H         LINE#         68
  C:0471H         LINE#         70
  C:0474H         LINE#         71
  C:0474H         LINE#         72
  C:0485H         LINE#         73
  C:0494H         LINE#         74
  C:049FH         LINE#         75
  -------         ENDPROC       _LED_SET_16
  -------         PROC          _RESTART_KEYS
  D:0025H         SYMBOL        idpt
  -------         DO            
  D:0007H         SYMBOL        i
  -------         ENDDO         
  C:04C9H         LINE#         22
  C:04CFH         LINE#         23
  C:04CFH         LINE#         25
  C:04D1H         LINE#         26
  C:04D1H         LINE#         27
BL51 BANKED LINKER/LOCATER V6.22                                                      03/28/2013  14:21:36  PAGE 6


  C:04E0H         LINE#         28
  C:04E4H         LINE#         29
  -------         ENDPROC       _RESTART_KEYS
  -------         PROC          _KEYS
  D:0028H         SYMBOL        keys
  C:018FH         LINE#         36
  C:0195H         LINE#         37
  C:0195H         LINE#         38
  C:0198H         LINE#         39
  C:019BH         LINE#         40
  C:01A4H         LINE#         41
  C:01A4H         LINE#         42
  C:01A7H         LINE#         43
  C:01B4H         LINE#         44
  C:01B7H         LINE#         45
  C:01C4H         LINE#         46
  C:01D0H         LINE#         47
  C:01D4H         LINE#         49
  C:01D9H         LINE#         50
  C:01DCH         LINE#         51
  C:01DFH         LINE#         52
  C:01E9H         LINE#         53
  C:01ECH         LINE#         54
  C:01F6H         LINE#         55
  C:01FFH         LINE#         56
  C:0203H         LINE#         58
  C:0208H         LINE#         59
  C:0231H         LINE#         60
  C:0231H         LINE#         62
  C:0234H         LINE#         64
  -------         ENDPROC       _KEYS
  -------         PROC          MAIN
  C:038EH         LINE#         11
  C:038EH         LINE#         12
  C:038EH         LINE#         13
  C:0391H         LINE#         14
  C:0394H         LINE#         15
  C:0394H         LINE#         16
  C:0394H         LINE#         17
  C:0399H         LINE#         18
  C:0399H         LINE#         19
  C:039BH         LINE#         20
  C:039EH         LINE#         21
  C:03A1H         LINE#         22
  C:03A4H         LINE#         23
  C:03A6H         LINE#         24
  C:03A8H         LINE#         25
  C:03A8H         LINE#         26
  C:03AFH         LINE#         27
  C:03AFH         LINE#         28
  C:03B1H         LINE#         29
  C:03B3H         LINE#         30
  C:03B5H         LINE#         31
  C:03BFH         LINE#         32
  C:03BFH         LINE#         33
  C:03C7H         LINE#         34
  C:03CCH         LINE#         35
BL51 BANKED LINKER/LOCATER V6.22                                                      03/28/2013  14:21:36  PAGE 7


  C:03D4H         LINE#         36
  C:03D4H         LINE#         37
  C:03DBH         LINE#         38
  C:03E4H         LINE#         39
  -------         ENDPROC       MAIN
  -------         PROC          SERVER
  -------         DO            
  D:0008H         SYMBOL        i
  -------         ENDDO         
  C:032DH         LINE#         42
  C:0340H         LINE#         45
  C:0343H         LINE#         46
  C:0343H         LINE#         47
  C:0345H         LINE#         48
  C:0348H         LINE#         49
  C:034AH         LINE#         50
  C:034DH         LINE#         51
  C:0353H         LINE#         52
  C:0353H         LINE#         53
  C:0362H         LINE#         54
  C:0375H         LINE#         55
  C:0375H         LINE#         56
  C:037DH         LINE#         57
  C:037DH         LINE#         58
  -------         ENDPROC       SERVER
  -------         PROC          COM_INIT
  C:04E5H         LINE#         59
  C:04E5H         LINE#         60
  C:04E5H         LINE#         61
  C:04E8H         LINE#         62
  C:04EBH         LINE#         63
  C:04EDH         LINE#         64
  C:04EFH         LINE#         65
  C:04F1H         LINE#         66
  C:04F4H         LINE#         67
  C:04F7H         LINE#         68
  C:04F9H         LINE#         69
  C:04FBH         LINE#         70
  C:04FDH         LINE#         71
  -------         ENDPROC       COM_INIT
  -------         PROC          SET_TIMER
  C:0530H         LINE#         72
  C:0530H         LINE#         73
  C:0530H         LINE#         74
  C:0533H         LINE#         75
  C:0536H         LINE#         76
  -------         ENDPROC       SET_TIMER
  -------         PROC          TIMER_ET2_50MS
  C:0521H         LINE#         77
  C:0523H         LINE#         79
  C:0525H         LINE#         80
  C:052DH         LINE#         81
  -------         ENDPROC       TIMER_ET2_50MS
  -------         PROC          _SET_TIME
  D:001FH         SYMBOL        a
  -------         DO            
  D:000AH         SYMBOL        x
BL51 BANKED LINKER/LOCATER V6.22                                                      03/28/2013  14:21:36  PAGE 8


  -------         DO            
  D:0022H         SYMBOL        temp1
  D:0023H         SYMBOL        temp2
  D:0024H         SYMBOL        temp3
  -------         ENDDO         
  -------         ENDDO         
  C:02C1H         LINE#         82
  C:02C7H         LINE#         83
  C:02C7H         LINE#         85
  C:02CDH         LINE#         86
  C:02CDH         LINE#         87
  C:02DFH         LINE#         88
  C:02ECH         LINE#         89
  C:02F4H         LINE#         90
  C:02FDH         LINE#         91
  C:0303H         LINE#         92
  C:0306H         LINE#         93
  C:0309H         LINE#         94
  C:0322H         LINE#         95
  C:0326H         LINE#         96
  C:0329H         LINE#         97
  C:032AH         LINE#         99
  C:032CH         LINE#         100
  -------         ENDPROC       _SET_TIME
  -------         ENDMOD        TIME2

  -------         MODULE        ?C?CLDPTR
  C:002EH         PUBLIC        ?C?CLDPTR
  -------         ENDMOD        ?C?CLDPTR

  -------         MODULE        ?C?CLDOPTR
  C:0047H         PUBLIC        ?C?CLDOPTR
  -------         ENDMOD        ?C?CLDOPTR

  -------         MODULE        ?C?CSTPTR
  C:0074H         PUBLIC        ?C?CSTPTR
  -------         ENDMOD        ?C?CSTPTR

  -------         MODULE        ?C?CSTOPTR
  C:0086H         PUBLIC        ?C?CSTOPTR
  -------         ENDMOD        ?C?CSTOPTR

  -------         MODULE        ?C?IMUL
  C:00A8H         PUBLIC        ?C?IMUL
  -------         ENDMOD        ?C?IMUL

  -------         MODULE        ?C?UIDIV
  C:00BAH         PUBLIC        ?C?UIDIV
  -------         ENDMOD        ?C?UIDIV

  -------         MODULE        ?C?SIDIV
  C:010FH         PUBLIC        ?C?SIDIV
  -------         ENDMOD        ?C?SIDIV

  -------         MODULE        ?C?ILDPTR
  C:0145H         PUBLIC        ?C?ILDPTR
  -------         ENDMOD        ?C?ILDPTR
BL51 BANKED LINKER/LOCATER V6.22                                                      03/28/2013  14:21:36  PAGE 9



  -------         MODULE        ?C?ISTPTR
  C:0170H         PUBLIC        ?C?ISTPTR
  -------         ENDMOD        ?C?ISTPTR

*** WARNING L16: UNCALLED SEGMENT, IGNORED FOR OVERLAY PROCESS
    SEGMENT: ?PR?_DELAY?TIME2

*** WARNING L16: UNCALLED SEGMENT, IGNORED FOR OVERLAY PROCESS
    SEGMENT: ?PR?_LED_SET_16?TIME2

*** WARNING L16: UNCALLED SEGMENT, IGNORED FOR OVERLAY PROCESS
    SEGMENT: ?PR?_KEYS?TIME2

Program Size: data=46.0 xdata=0 code=1326
LINK/LOCATE RUN COMPLETE.  3 WARNING(S),  0 ERROR(S)
