BL51 BANKED LINKER/LOCATER V6.22                                                        04/03/2013  02:13:43  PAGE 1


BL51 BANKED LINKER/LOCATER V6.22, INVOKED BY:
C:\KEIL\C51\BIN\BL51.EXE STARTUP.obj, PWM调光.obj TO pwm RAMSIZE (256)


MEMORY MODEL: SMALL


INPUT MODULES INCLUDED:
  STARTUP.obj (?C_STARTUP)
  PWM调光.obj (PWM调筥)
  C:\KEIL\C51\LIB\C51S.LIB (?C_INIT)
  C:\KEIL\C51\LIB\C51S.LIB (?C?CLDPTR)
  C:\KEIL\C51\LIB\C51S.LIB (?C?CLDOPTR)
  C:\KEIL\C51\LIB\C51S.LIB (?C?SIDIV)
  C:\KEIL\C51\LIB\C51S.LIB (?C?UIDIV)


LINK MAP OF MODULE:  pwm (?C_STARTUP)


            TYPE    BASE      LENGTH    RELOCATION   SEGMENT NAME
            -----------------------------------------------------

            * * * * * * *   D A T A   M E M O R Y   * * * * * * *
            REG     0000H     0008H     ABSOLUTE     "REG BANK 0"
            DATA    0008H     000AH     UNIT         ?DT?PWM调筥
            DATA    0012H     0002H     UNIT         ?DT?_LED_SET_16?PWM调筥
            DATA    0014H     0002H     UNIT         _DATA_GROUP_
                    0016H     000AH                  *** GAP ***
            BIT     0020H.0   0000H.1   UNIT         _BIT_GROUP_
                    0020H.1   0000H.7                *** GAP ***
            IDATA   0021H     0001H     UNIT         ?STACK

            * * * * * * *   C O D E   M E M O R Y   * * * * * * *
            CODE    0000H     0003H     ABSOLUTE     
            CODE    0003H     0005H     UNIT         ?PR?TIMER_ET2_50MS?PWM调筥
                    0008H     0003H                  *** GAP ***
            CODE    000BH     0003H     ABSOLUTE     
            CODE    000EH     001CH     UNIT         ?PR?_DELAY_1MS?PWM调筥
                    002AH     0001H                  *** GAP ***
            CODE    002BH     0003H     ABSOLUTE     
            CODE    002EH     00D1H     UNIT         ?C?LIB_CODE
            CODE    00FFH     008CH     UNIT         ?C_C51STARTUP
            CODE    018BH     0054H     UNIT         ?PR?_LED_DISPLAY?PWM调筥
            CODE    01DFH     004BH     UNIT         ?PR?MAIN?PWM调筥
            CODE    022AH     0033H     UNIT         ?PR?_LED_SET?PWM调筥
            CODE    025DH     0033H     UNIT         ?PR?_LED_SET_16?PWM调筥
            CODE    0290H     002EH     UNIT         ?PR?TIMER0?PWM调筥
            CODE    02BEH     0013H     UNIT         ?PR?_DELAY?PWM调筥
            CODE    02D1H     0013H     UNIT         ?C_INITSEG
            CODE    02E4H     0010H     UNIT         ?CO?PWM调筥
            CODE    02F4H     000DH     UNIT         ?PR?SET_TIMER?PWM调筥



OVERLAY MAP OF MODULE:   pwm (?C_STARTUP)


BL51 BANKED LINKER/LOCATER V6.22                                                      04/03/2013  02:13:43  PAGE 2


SEGMENT                               BIT_GROUP          DATA_GROUP 
  +--> CALLED SEGMENT              START    LENGTH     START    LENGTH
----------------------------------------------------------------------
?C_C51STARTUP                      -----    -----      -----    -----
  +--> ?PR?MAIN?PWM调筥
  +--> ?C_INITSEG

?PR?MAIN?PWM调筥                   0020H.0  0000H.1    -----    -----
  +--> ?PR?SET_TIMER?PWM调筥
  +--> ?PR?_LED_SET?PWM调筥
  +--> ?PR?_LED_DISPLAY?PWM调筥

?PR?_LED_SET?PWM调筥               -----    -----      0014H    0002H

?PR?_LED_DISPLAY?PWM调筥           -----    -----      -----    -----
  +--> ?PR?_DELAY_1MS?PWM调筥
  +--> ?CO?PWM调筥



SYMBOL TABLE OF MODULE:  pwm (?C_STARTUP)

  VALUE           TYPE          NAME
  ----------------------------------

  -------         MODULE        ?C_STARTUP
  C:00FFH         SEGMENT       ?C_C51STARTUP
  I:0021H         SEGMENT       ?STACK
  C:0000H         PUBLIC        ?C_STARTUP
  D:00E0H         SYMBOL        ACC
  D:00F0H         SYMBOL        B
  D:0083H         SYMBOL        DPH
  D:0082H         SYMBOL        DPL
  N:0000H         SYMBOL        IBPSTACK
  N:0100H         SYMBOL        IBPSTACKTOP
  N:0080H         SYMBOL        IDATALEN
  C:0102H         SYMBOL        IDATALOOP
  N:0000H         SYMBOL        PBPSTACK
  N:0100H         SYMBOL        PBPSTACKTOP
  N:0000H         SYMBOL        PDATALEN
  N:0000H         SYMBOL        PDATASTART
  N:0000H         SYMBOL        PPAGE
  N:0000H         SYMBOL        PPAGEENABLE
  D:00A0H         SYMBOL        PPAGE_SFR
  D:0081H         SYMBOL        SP
  C:00FFH         SYMBOL        STARTUP1
  N:0000H         SYMBOL        XBPSTACK
  N:0000H         SYMBOL        XBPSTACKTOP
  N:0000H         SYMBOL        XDATALEN
  N:0000H         SYMBOL        XDATASTART
  C:0000H         LINE#         126
  C:00FFH         LINE#         133
  C:0101H         LINE#         134
  C:0102H         LINE#         135
  C:0103H         LINE#         136
  C:0105H         LINE#         185
  C:0108H         LINE#         196
BL51 BANKED LINKER/LOCATER V6.22                                                      04/03/2013  02:13:43  PAGE 3


  -------         ENDMOD        ?C_STARTUP

  -------         MODULE        PWM调筥
  C:0000H         SYMBOL        _ICE_DUMMY_
  D:0080H         PUBLIC        P0
  D:000AH         PUBLIC        count_interrupt
  D:0090H         PUBLIC        P1
  D:00B0H         PUBLIC        P3
  B:00A8H.7       PUBLIC        EA
  C:02E4H         PUBLIC        table
  C:025DH         PUBLIC        _Led_set_16
  D:00A8H         PUBLIC        IE
  D:000BH         PUBLIC        LED_Buffer
  D:00B8H         PUBLIC        IP
  D:00CBH         PUBLIC        RCAP2H
  D:000FH         PUBLIC        timer
  D:00CAH         PUBLIC        RCAP2L
  C:01DFH         PUBLIC        main
  D:0010H         PUBLIC        PWM_T
  D:0098H         PUBLIC        SCON
  D:0089H         PUBLIC        TMOD
  D:0088H         PUBLIC        TCON
  C:022AH         PUBLIC        _Led_set
  B:00B0H.6       PUBLIC        Led1
  B:00B0H.7       PUBLIC        Led2
  B:00B0H.5       PUBLIC        Led3
  B:00A8H.1       PUBLIC        ET0
  B:00B0H.4       PUBLIC        Led4
  B:00A8H.5       PUBLIC        ET2
  B:00C8H.7       PUBLIC        TF2
  D:008CH         PUBLIC        TH0
  D:008AH         PUBLIC        TL0
  C:02F4H         PUBLIC        set_timer
  C:0290H         PUBLIC        timer0
  B:0088H.4       PUBLIC        TR0
  C:0003H         PUBLIC        Timer_ET2_50ms
  B:00C8H.2       PUBLIC        TR2
  C:0014H         PUBLIC        _Delay_1ms
  D:00C8H         PUBLIC        T2CON
  D:0011H         PUBLIC        n
  C:018BH         PUBLIC        _Led_display
  C:02BEH         PUBLIC        _Delay
  D:00D0H         PUBLIC        PSW
  -------         PROC          _DELAY
  D:0006H         SYMBOL        i
  -------         DO            
  D:0004H         SYMBOL        x
  D:0005H         SYMBOL        j
  -------         ENDDO         
  C:02BEH         LINE#         16
  C:02BEH         LINE#         17
  C:02BEH         LINE#         19
  C:02C7H         LINE#         20
  C:02D0H         LINE#         21
  -------         ENDPROC       _DELAY
  C:0010H         SYMBOL        L?0043
  -------         PROC          L?0042
BL51 BANKED LINKER/LOCATER V6.22                                                      04/03/2013  02:13:43  PAGE 4


  -------         ENDPROC       L?0042
  C:0010H         SYMBOL        L?0043
  -------         PROC          _DELAY_1MS
  D:0006H         SYMBOL        i
  -------         DO            
  D:0004H         SYMBOL        x
  D:0005H         SYMBOL        j
  -------         ENDDO         
  C:0014H         LINE#         28
  C:0014H         LINE#         29
  C:0014H         LINE#         31
  C:001DH         LINE#         32
  C:0029H         LINE#         33
  -------         ENDPROC       _DELAY_1MS
  -------         PROC          _LED_DISPLAY
  D:0001H         SYMBOL        data1
  C:018BH         LINE#         19
  C:018BH         LINE#         20
  C:018BH         LINE#         21
  C:0192H         LINE#         22
  C:019BH         LINE#         23
  C:019DH         LINE#         24
  C:019FH         LINE#         25
  C:019FH         LINE#         26
  C:019FH         LINE#         27
  C:01A2H         LINE#         28
  C:01AEH         LINE#         29
  C:01B0H         LINE#         30
  C:01B2H         LINE#         31
  C:01B2H         LINE#         32
  C:01B2H         LINE#         33
  C:01B5H         LINE#         34
  C:01C1H         LINE#         35
  C:01C3H         LINE#         36
  C:01C5H         LINE#         37
  C:01C7H         LINE#         38
  C:01C7H         LINE#         39
  C:01CAH         LINE#         40
  C:01D6H         LINE#         41
  C:01D8H         LINE#         42
  C:01DAH         LINE#         43
  C:01DCH         LINE#         44
  C:01DEH         LINE#         45
  -------         ENDPROC       _LED_DISPLAY
  -------         PROC          _LED_SET
  D:0014H         SYMBOL        a
  -------         DO            
  D:0002H         SYMBOL        i
  -------         ENDDO         
  C:022AH         LINE#         52
  C:022EH         LINE#         53
  C:022EH         LINE#         55
  C:0231H         LINE#         56
  C:0231H         LINE#         57
  C:0242H         LINE#         58
  C:0251H         LINE#         59
  C:025CH         LINE#         60
BL51 BANKED LINKER/LOCATER V6.22                                                      04/03/2013  02:13:43  PAGE 5


  -------         ENDPROC       _LED_SET
  -------         PROC          _LED_SET_16
  D:0012H         SYMBOL        a
  -------         DO            
  D:0002H         SYMBOL        i
  -------         ENDDO         
  C:025DH         LINE#         67
  C:0261H         LINE#         68
  C:0261H         LINE#         70
  C:0264H         LINE#         71
  C:0264H         LINE#         72
  C:0275H         LINE#         73
  C:0284H         LINE#         74
  C:028FH         LINE#         75
  -------         ENDPROC       _LED_SET_16
  -------         PROC          MAIN
  -------         DO            
  B:0020H.0       SYMBOL        flag
  -------         ENDDO         
  C:01DFH         LINE#         19
  C:01DFH         LINE#         20
  C:01DFH         LINE#         21
  C:01E1H         LINE#         23
  C:01E4H         LINE#         24
  C:01E7H         LINE#         25
  C:01EAH         LINE#         26
  C:01ECH         LINE#         27
  C:01EEH         LINE#         28
  C:01F1H         LINE#         29
  C:01F3H         LINE#         31
  C:01F6H         LINE#         33
  C:01F6H         LINE#         34
  C:01F6H         LINE#         37
  C:01FCH         LINE#         38
  C:01FCH         LINE#         39
  C:01FFH         LINE#         40
  C:0203H         LINE#         42
  C:0205H         LINE#         44
  C:020CH         LINE#         45
  C:020EH         LINE#         47
  C:0212H         LINE#         48
  C:0214H         LINE#         49
  C:0217H         LINE#         50
  C:0219H         LINE#         51
  C:021FH         LINE#         52
  C:021FH         LINE#         53
  C:0228H         LINE#         54
  -------         ENDPROC       MAIN
  -------         PROC          TIMER0
  -------         DO            
  D:0008H         SYMBOL        t
  -------         ENDDO         
  C:0290H         LINE#         59
  C:0294H         LINE#         63
  C:029CH         LINE#         65
  C:02A4H         LINE#         67
  C:02A4H         LINE#         68
BL51 BANKED LINKER/LOCATER V6.22                                                      04/03/2013  02:13:43  PAGE 6


  C:02AAH         LINE#         69
  C:02ADH         LINE#         71
  C:02ADH         LINE#         73
  C:02B6H         LINE#         74
  C:02B9H         LINE#         75
  -------         ENDPROC       TIMER0
  -------         PROC          SET_TIMER
  C:02F4H         LINE#         76
  C:02F4H         LINE#         77
  C:02F4H         LINE#         78
  C:02F7H         LINE#         79
  C:02FAH         LINE#         80
  C:02FCH         LINE#         81
  C:02FEH         LINE#         82
  C:0300H         LINE#         83
  -------         ENDPROC       SET_TIMER
  -------         PROC          TIMER_ET2_50MS
  C:0003H         LINE#         84
  C:0003H         LINE#         86
  C:0005H         LINE#         87
  C:0007H         LINE#         88
  -------         ENDPROC       TIMER_ET2_50MS
  -------         ENDMOD        PWM调筥

  -------         MODULE        ?C?CLDPTR
  C:002EH         PUBLIC        ?C?CLDPTR
  -------         ENDMOD        ?C?CLDPTR

  -------         MODULE        ?C?CLDOPTR
  C:0047H         PUBLIC        ?C?CLDOPTR
  -------         ENDMOD        ?C?CLDOPTR

  -------         MODULE        ?C?SIDIV
  C:0074H         PUBLIC        ?C?SIDIV
  -------         ENDMOD        ?C?SIDIV

  -------         MODULE        ?C?UIDIV
  C:00AAH         PUBLIC        ?C?UIDIV
  -------         ENDMOD        ?C?UIDIV

*** WARNING L16: UNCALLED SEGMENT, IGNORED FOR OVERLAY PROCESS
    SEGMENT: ?PR?_DELAY?PWM调筥

*** WARNING L16: UNCALLED SEGMENT, IGNORED FOR OVERLAY PROCESS
    SEGMENT: ?PR?_LED_SET_16?PWM调筥

Program Size: data=23.1 xdata=0 code=765
LINK/LOCATE RUN COMPLETE.  2 WARNING(S),  0 ERROR(S)
