BL51 BANKED LINKER/LOCATER V6.22                                                        04/22/2013  11:39:50  PAGE 1


BL51 BANKED LINKER/LOCATER V6.22, INVOKED BY:
C:\KEIL\C51\BIN\BL51.EXE STARTUP.obj, led.obj TO led RAMSIZE (256)


MEMORY MODEL: SMALL


INPUT MODULES INCLUDED:
  STARTUP.obj (?C_STARTUP)
  led.obj (LED)
  C:\KEIL\C51\LIB\C51S.LIB (?C_INIT)
  C:\KEIL\C51\LIB\C51S.LIB (?C?CLDPTR)
  C:\KEIL\C51\LIB\C51S.LIB (?C?CLDOPTR)
  C:\KEIL\C51\LIB\C51S.LIB (?C?UIDIV)
  C:\KEIL\C51\LIB\C51S.LIB (?C?SIDIV)
  C:\KEIL\C51\LIB\C51S.LIB (?C?ILDPTR)
  C:\KEIL\C51\LIB\C51S.LIB (?C?ISTPTR)


LINK MAP OF MODULE:  led (?C_STARTUP)


            TYPE    BASE      LENGTH    RELOCATION   SEGMENT NAME
            -----------------------------------------------------

            * * * * * * *   D A T A   M E M O R Y   * * * * * * *
            REG     0000H     0008H     ABSOLUTE     "REG BANK 0"
            DATA    0008H     0011H     UNIT         ?DT?LED
            DATA    0019H     0006H     UNIT         _DATA_GROUP_
            DATA    001FH     0002H     UNIT         ?DT?_LED_SET_16?LED
            IDATA   0021H     0001H     UNIT         ?STACK

            * * * * * * *   C O D E   M E M O R Y   * * * * * * *
            CODE    0000H     0003H     ABSOLUTE     
                    0003H     0008H                  *** GAP ***
            CODE    000BH     0003H     ABSOLUTE     
            CODE    000EH     011BH     UNIT         ?C?LIB_CODE
            CODE    0129H     00C4H     UNIT         ?PR?_PROTOTHREAD1?LED
            CODE    01EDH     008CH     UNIT         ?C_C51STARTUP
            CODE    0279H     006EH     UNIT         ?PR?_PROTOTHREAD2?LED
            CODE    02E7H     005FH     UNIT         ?PR?_LED_DISPLAY?LED
            CODE    0346H     0033H     UNIT         ?PR?_LED_SET?LED
            CODE    0379H     0033H     UNIT         ?PR?_LED_SET_16?LED
            CODE    03ACH     002AH     UNIT         ?PR?MAIN?LED
            CODE    03D6H     0016H     UNIT         ?PR?_DELAY_1MS?LED
            CODE    03ECH     0013H     UNIT         ?PR?_DELAY?LED
            CODE    03FFH     0012H     UNIT         ?PR?SET_TIMER_0?LED
            CODE    0411H     0011H     UNIT         ?C_INITSEG
            CODE    0422H     0010H     UNIT         ?CO?LED
            CODE    0432H     000FH     UNIT         ?PR?TIMER_ET0_250US?LED



OVERLAY MAP OF MODULE:   led (?C_STARTUP)


SEGMENT                           DATA_GROUP 
  +--> CALLED SEGMENT           START    LENGTH
BL51 BANKED LINKER/LOCATER V6.22                                                      04/22/2013  11:39:50  PAGE 2


-----------------------------------------------
?C_C51STARTUP                   -----    -----
  +--> ?PR?MAIN?LED
  +--> ?C_INITSEG

?PR?MAIN?LED                    -----    -----
  +--> ?PR?SET_TIMER_0?LED
  +--> ?PR?_PROTOTHREAD1?LED
  +--> ?PR?_PROTOTHREAD2?LED

?PR?_PROTOTHREAD1?LED           0019H    0004H

?PR?_PROTOTHREAD2?LED           0019H    0004H
  +--> ?PR?_LED_DISPLAY?LED
  +--> ?PR?_LED_SET?LED

?PR?_LED_DISPLAY?LED            -----    -----
  +--> ?CO?LED
  +--> ?PR?_DELAY_1MS?LED

?PR?_LED_SET?LED                001DH    0002H



SYMBOL TABLE OF MODULE:  led (?C_STARTUP)

  VALUE           TYPE          NAME
  ----------------------------------

  -------         MODULE        ?C_STARTUP
  C:01EDH         SEGMENT       ?C_C51STARTUP
  I:0021H         SEGMENT       ?STACK
  C:0000H         PUBLIC        ?C_STARTUP
  D:00E0H         SYMBOL        ACC
  D:00F0H         SYMBOL        B
  D:0083H         SYMBOL        DPH
  D:0082H         SYMBOL        DPL
  N:0000H         SYMBOL        IBPSTACK
  N:0100H         SYMBOL        IBPSTACKTOP
  N:0080H         SYMBOL        IDATALEN
  C:01F0H         SYMBOL        IDATALOOP
  N:0000H         SYMBOL        PBPSTACK
  N:0000H         SYMBOL        PBPSTACKTOP
  N:0000H         SYMBOL        PDATALEN
  N:0000H         SYMBOL        PDATASTART
  N:0000H         SYMBOL        PPAGE
  N:0000H         SYMBOL        PPAGEENABLE
  D:00A0H         SYMBOL        PPAGE_SFR
  D:0081H         SYMBOL        SP
  C:01EDH         SYMBOL        STARTUP1
  N:0000H         SYMBOL        XBPSTACK
  N:0000H         SYMBOL        XBPSTACKTOP
  N:0000H         SYMBOL        XDATALEN
  N:0000H         SYMBOL        XDATASTART
  C:0000H         LINE#         92
  C:01EDH         LINE#         99
  C:01EFH         LINE#         100
BL51 BANKED LINKER/LOCATER V6.22                                                      04/22/2013  11:39:50  PAGE 3


  C:01F0H         LINE#         101
  C:01F1H         LINE#         102
  C:01F3H         LINE#         151
  C:01F6H         LINE#         155
  -------         ENDMOD        ?C_STARTUP

  -------         MODULE        LED
  C:0000H         SYMBOL        _ICE_DUMMY_
  D:0080H         PUBLIC        P0
  D:000CH         PUBLIC        count_interrupt
  D:0090H         PUBLIC        P1
  D:00B0H         PUBLIC        P3
  B:00A8H.7       PUBLIC        EA
  C:0422H         PUBLIC        table
  C:0379H         PUBLIC        _Led_set_16
  D:00A8H         PUBLIC        IE
  C:0432H         PUBLIC        Timer_ET0_250us
  D:000DH         PUBLIC        LED_Buffer
  D:0011H         SYMBOL        pt1
  D:0013H         SYMBOL        pt2
  D:00B8H         PUBLIC        IP
  C:03ACH         PUBLIC        main
  D:0015H         PUBLIC        timer_0
  D:0098H         PUBLIC        SCON
  D:0089H         PUBLIC        TMOD
  D:0088H         PUBLIC        TCON
  C:0346H         PUBLIC        _Led_set
  B:00B0H.6       PUBLIC        Led1
  B:00B0H.7       PUBLIC        Led2
  B:00B0H.5       PUBLIC        Led3
  B:00A8H.1       PUBLIC        ET0
  B:00B0H.4       PUBLIC        Led4
  B:0088H.5       PUBLIC        TF0
  D:008CH         PUBLIC        TH0
  D:008AH         PUBLIC        TL0
  B:0088H.4       PUBLIC        TR0
  C:03FFH         PUBLIC        set_timer_0
  C:03D6H         PUBLIC        _Delay_1ms
  C:0129H         SYMBOL        _protothread1
  C:0279H         SYMBOL        _protothread2
  D:00C8H         PUBLIC        T2CON
  C:02E7H         PUBLIC        _Led_display
  C:03ECH         PUBLIC        _Delay
  D:00D0H         PUBLIC        PSW
  D:0017H         SYMBOL        pt_led
  -------         PROC          SET_TIMER_0
  C:03FFH         LINE#         11
  C:03FFH         LINE#         12
  C:03FFH         LINE#         13
  C:0402H         LINE#         14
  C:0405H         LINE#         15
  C:0408H         LINE#         16
  C:0410H         LINE#         17
  -------         ENDPROC       SET_TIMER_0
  -------         PROC          TIMER_ET0_250US
  C:0432H         LINE#         18
  C:0434H         LINE#         20
BL51 BANKED LINKER/LOCATER V6.22                                                      04/22/2013  11:39:50  PAGE 4


  C:0436H         LINE#         21
  C:043EH         LINE#         22
  -------         ENDPROC       TIMER_ET0_250US
  -------         PROC          _DELAY
  D:0006H         SYMBOL        i
  -------         DO            
  D:0004H         SYMBOL        x
  D:0005H         SYMBOL        j
  -------         ENDDO         
  C:03ECH         LINE#         19
  C:03ECH         LINE#         20
  C:03ECH         LINE#         22
  C:03F5H         LINE#         23
  C:03FEH         LINE#         24
  -------         ENDPROC       _DELAY
  -------         PROC          _DELAY_1MS
  D:0006H         SYMBOL        i
  -------         DO            
  D:0004H         SYMBOL        x
  D:0005H         SYMBOL        j
  -------         ENDDO         
  C:03D6H         LINE#         31
  C:03D6H         LINE#         32
  C:03D6H         LINE#         34
  C:03DFH         LINE#         35
  C:03EBH         LINE#         36
  -------         ENDPROC       _DELAY_1MS
  -------         PROC          _LED_DISPLAY
  D:0001H         SYMBOL        data1
  C:02E7H         LINE#         21
  C:02E7H         LINE#         22
  C:02E7H         LINE#         23
  C:02F0H         LINE#         24
  C:02F2H         LINE#         25
  C:02F4H         LINE#         26
  C:02F6H         LINE#         27
  C:02F8H         LINE#         28
  C:02FFH         LINE#         29
  C:030BH         LINE#         30
  C:030DH         LINE#         31
  C:030FH         LINE#         32
  C:0311H         LINE#         33
  C:0313H         LINE#         34
  C:0318H         LINE#         35
  C:0324H         LINE#         36
  C:0326H         LINE#         37
  C:0328H         LINE#         38
  C:032AH         LINE#         39
  C:032CH         LINE#         40
  C:0331H         LINE#         41
  C:033DH         LINE#         42
  C:033FH         LINE#         43
  C:0341H         LINE#         44
  C:0343H         LINE#         45
  C:0345H         LINE#         46
  -------         ENDPROC       _LED_DISPLAY
  -------         PROC          _LED_SET
BL51 BANKED LINKER/LOCATER V6.22                                                      04/22/2013  11:39:50  PAGE 5


  D:001DH         SYMBOL        a
  -------         DO            
  D:0002H         SYMBOL        i
  -------         ENDDO         
  C:0346H         LINE#         53
  C:034AH         LINE#         54
  C:034AH         LINE#         56
  C:034DH         LINE#         57
  C:034DH         LINE#         58
  C:035EH         LINE#         59
  C:036DH         LINE#         60
  C:0378H         LINE#         61
  -------         ENDPROC       _LED_SET
  -------         PROC          _LED_SET_16
  D:001FH         SYMBOL        a
  -------         DO            
  D:0002H         SYMBOL        i
  -------         ENDDO         
  C:0379H         LINE#         68
  C:037DH         LINE#         69
  C:037DH         LINE#         71
  C:0380H         LINE#         72
  C:0380H         LINE#         73
  C:0391H         LINE#         74
  C:03A0H         LINE#         75
  C:03ABH         LINE#         76
  -------         ENDPROC       _LED_SET_16
  -------         PROC          _PROTOTHREAD2
  D:0019H         SYMBOL        pt
  -------         DO            
  D:0008H         SYMBOL        i
  -------         DO            
  D:001CH         SYMBOL        PT_YIELD_FLAG
  -------         ENDDO         
  -------         ENDDO         
  C:0279H         LINE#         7
  C:027FH         LINE#         8
  C:027FH         LINE#         9
  C:027FH         LINE#         10
  C:0293H         LINE#         11
  C:0293H         LINE#         12
  C:0293H         LINE#         13
  C:02B3H         LINE#         14
  C:02BCH         LINE#         15
  C:02D2H         LINE#         16
  C:02D4H         LINE#         17
  C:02E6H         LINE#         18
  -------         ENDPROC       _PROTOTHREAD2
  -------         PROC          _PROTOTHREAD1
  D:0019H         SYMBOL        pt
  -------         DO            
  D:000AH         SYMBOL        a
  D:000BH         SYMBOL        i
  -------         DO            
  D:001CH         SYMBOL        PT_YIELD_FLAG
  -------         ENDDO         
  -------         ENDDO         
BL51 BANKED LINKER/LOCATER V6.22                                                      04/22/2013  11:39:50  PAGE 6


  C:0129H         LINE#         19
  C:012FH         LINE#         20
  C:012FH         LINE#         21
  C:012FH         LINE#         23
  C:014DH         LINE#         24
  C:014DH         LINE#         25
  C:014DH         LINE#         26
  C:0150H         LINE#         27
  C:0150H         LINE#         28
  C:017BH         LINE#         29
  C:017EH         LINE#         30
  C:0184H         LINE#         31
  C:018BH         LINE#         32
  C:018EH         LINE#         33
  C:018EH         LINE#         34
  C:01BCH         LINE#         35
  C:01BFH         LINE#         36
  C:01C5H         LINE#         37
  C:01C8H         LINE#         38
  C:01CBH         LINE#         39
  C:01D2H         LINE#         40
  C:01D7H         LINE#         41
  C:01DAH         LINE#         42
  C:01ECH         LINE#         43
  -------         ENDPROC       _PROTOTHREAD1
  -------         PROC          MAIN
  C:03ACH         LINE#         44
  C:03ACH         LINE#         45
  C:03ACH         LINE#         46
  C:03AFH         LINE#         47
  C:03B5H         LINE#         48
  C:03BAH         LINE#         49
  C:03BEH         LINE#         50
  C:03C2H         LINE#         51
  C:03C2H         LINE#         52
  C:03C2H         LINE#         53
  C:03CBH         LINE#         54
  C:03D4H         LINE#         55
  -------         ENDPROC       MAIN
  -------         ENDMOD        LED

  -------         MODULE        ?C?CLDPTR
  C:000EH         PUBLIC        ?C?CLDPTR
  -------         ENDMOD        ?C?CLDPTR

  -------         MODULE        ?C?CLDOPTR
  C:0027H         PUBLIC        ?C?CLDOPTR
  -------         ENDMOD        ?C?CLDOPTR

  -------         MODULE        ?C?UIDIV
  C:0054H         PUBLIC        ?C?UIDIV
  -------         ENDMOD        ?C?UIDIV

  -------         MODULE        ?C?SIDIV
  C:00A9H         PUBLIC        ?C?SIDIV
  -------         ENDMOD        ?C?SIDIV

BL51 BANKED LINKER/LOCATER V6.22                                                      04/22/2013  11:39:50  PAGE 7


  -------         MODULE        ?C?ILDPTR
  C:00DFH         PUBLIC        ?C?ILDPTR
  -------         ENDMOD        ?C?ILDPTR

  -------         MODULE        ?C?ISTPTR
  C:010AH         PUBLIC        ?C?ISTPTR
  -------         ENDMOD        ?C?ISTPTR

*** WARNING L16: UNCALLED SEGMENT, IGNORED FOR OVERLAY PROCESS
    SEGMENT: ?PR?_DELAY?LED

*** WARNING L16: UNCALLED SEGMENT, IGNORED FOR OVERLAY PROCESS
    SEGMENT: ?PR?_LED_SET_16?LED

Program Size: data=34.0 xdata=0 code=1081
LINK/LOCATE RUN COMPLETE.  2 WARNING(S),  0 ERROR(S)
