BL51 BANKED LINKER/LOCATER V5.03                                                        03/23/2013  00:48:12  PAGE 1


BL51 BANKED LINKER/LOCATER V5.03, INVOKED BY:
C:\KEIL\C51\BIN\BL51.EXE STARTUP.obj, ck2.obj TO ck2 RAMSIZE (256)


MEMORY MODEL: SMALL


INPUT MODULES INCLUDED:
  STARTUP.obj (?C_STARTUP)
  ck2.obj (CK2)
  C:\KEIL\C51\LIB\C51S.LIB (?C_INIT)
  C:\KEIL\C51\LIB\C51S.LIB (?C?SIDIV)
  C:\KEIL\C51\LIB\C51S.LIB (?C?UIDIV)


LINK MAP OF MODULE:  ck2 (?C_STARTUP)


            TYPE    BASE      LENGTH    RELOCATION   SEGMENT NAME
            -----------------------------------------------------

            * * * * * * *   D A T A   M E M O R Y   * * * * * * *
            REG     0000H     0008H     ABSOLUTE     "REG BANK 0"
            DATA    0008H     000FH     UNIT         ?DT?CK2
            DATA    0017H     0005H     UNIT         _DATA_GROUP_
            DATA    001CH     0002H     UNIT         ?DT?_LED_SET_16?CK2
            IDATA   001EH     0001H     UNIT         ?STACK

            * * * * * * *   C O D E   M E M O R Y   * * * * * * *
            CODE    0000H     0003H     ABSOLUTE     
                    0003H     0008H                  *** GAP ***
            CODE    000BH     0003H     ABSOLUTE     
            CODE    000EH     0009H     UNIT         ?PR?ERROR_ET0_50MS?CK2
                    0017H     0004H                  *** GAP ***
            CODE    001BH     0003H     ABSOLUTE     
            CODE    001EH     008CH     UNIT         ?C_C51STARTUP
            CODE    00AAH     008BH     UNIT         ?C?LIB_CODE
            CODE    0135H     0066H     UNIT         ?PR?MAIN?CK2
            CODE    019BH     003EH     UNIT         ?PR?LED_DISPLAY?CK2
            CODE    01D9H     0033H     UNIT         ?PR?_LED_SET?CK2
            CODE    020CH     0033H     UNIT         ?PR?_LED_SET_16?CK2
            CODE    023FH     001CH     UNIT         ?PR?_DELAY_1MS?CK2
            CODE    025BH     0018H     UNIT         ?C_INITSEG
            CODE    0273H     0013H     UNIT         ?PR?_DELAY?CK2
            CODE    0286H     0010H     UNIT         ?CO?CK2
            CODE    0296H     0009H     UNIT         ?PR?ERROR_ET1_50MS?CK2



OVERLAY MAP OF MODULE:   ck2 (?C_STARTUP)


SEGMENT                          DATA_GROUP 
  +--> CALLED SEGMENT          START    LENGTH
----------------------------------------------
?C_C51STARTUP                  -----    -----
  +--> ?PR?MAIN?CK2
  +--> ?C_INITSEG
BL51 BANKED LINKER/LOCATER V5.03                                                      03/23/2013  00:48:12  PAGE 2



?PR?MAIN?CK2                   0017H    0003H
  +--> ?PR?_LED_SET?CK2
  +--> ?PR?LED_DISPLAY?CK2

?PR?_LED_SET?CK2               001AH    0002H

?PR?LED_DISPLAY?CK2            -----    -----
  +--> ?PR?_DELAY_1MS?CK2
  +--> ?CO?CK2



SYMBOL TABLE OF MODULE:  ck2 (?C_STARTUP)

  VALUE           TYPE          NAME
  ----------------------------------

  -------         MODULE        ?C_STARTUP
  C:001EH         SEGMENT       ?C_C51STARTUP
  I:001EH         SEGMENT       ?STACK
  C:0000H         PUBLIC        ?C_STARTUP
  D:00E0H         SYMBOL        ACC
  D:00F0H         SYMBOL        B
  D:0083H         SYMBOL        DPH
  D:0082H         SYMBOL        DPL
  N:0000H         SYMBOL        IBPSTACK
  N:0100H         SYMBOL        IBPSTACKTOP
  N:0080H         SYMBOL        IDATALEN
  C:0021H         SYMBOL        IDATALOOP
  N:0000H         SYMBOL        PBPSTACK
  N:0000H         SYMBOL        PBPSTACKTOP
  N:0000H         SYMBOL        PDATALEN
  N:0000H         SYMBOL        PDATASTART
  N:0000H         SYMBOL        PPAGE
  N:0000H         SYMBOL        PPAGEENABLE
  D:00A0H         SYMBOL        PPAGE_SFR
  D:0081H         SYMBOL        SP
  C:001EH         SYMBOL        STARTUP1
  N:0000H         SYMBOL        XBPSTACK
  N:0000H         SYMBOL        XBPSTACKTOP
  N:0000H         SYMBOL        XDATALEN
  N:0000H         SYMBOL        XDATASTART
  C:0000H         LINE#         92
  C:001EH         LINE#         99
  C:0020H         LINE#         100
  C:0021H         LINE#         101
  C:0022H         LINE#         102
  C:0024H         LINE#         151
  C:0027H         LINE#         155
  -------         ENDMOD        ?C_STARTUP

  -------         MODULE        CK2
  C:0000H         SYMBOL        _ICE_DUMMY_
  D:0080H         PUBLIC        P0
  D:0090H         PUBLIC        P1
  D:00B0H         PUBLIC        P3
BL51 BANKED LINKER/LOCATER V5.03                                                      03/23/2013  00:48:12  PAGE 3


  B:00A8H.7       PUBLIC        EA
  C:0286H         PUBLIC        table
  D:00A8H         PUBLIC        IE
  D:0008H         PUBLIC        count_interrupt_1
  D:0009H         PUBLIC        count_interrupt_2
  D:000AH         PUBLIC        LED_Buffer
  D:000EH         PUBLIC        Led
  D:00B8H         PUBLIC        IP
  C:01D9H         PUBLIC        _Led_set
  C:0135H         PUBLIC        main
  D:0098H         PUBLIC        SCON
  D:0089H         PUBLIC        TMOD
  D:0088H         PUBLIC        TCON
  C:0245H         PUBLIC        _Delay_1ms
  B:00B0H.6       PUBLIC        Led1
  B:00B0H.7       PUBLIC        Led2
  B:00B0H.5       PUBLIC        Led3
  B:00A8H.1       PUBLIC        ET0
  B:00B0H.4       PUBLIC        Led4
  B:00A8H.3       PUBLIC        ET1
  D:008CH         PUBLIC        TH0
  D:008AH         PUBLIC        TL0
  C:0273H         PUBLIC        _Delay
  B:0088H.4       PUBLIC        TR0
  B:0088H.6       PUBLIC        TR1
  C:000EH         PUBLIC        Error_ET0_50ms
  C:0296H         PUBLIC        Error_ET1_50ms
  B:0090H.1       PUBLIC        idpdt_led2
  D:00C8H         PUBLIC        T2CON
  C:020CH         PUBLIC        _Led_set_16
  C:019BH         PUBLIC        Led_display
  D:00D0H         PUBLIC        PSW
  -------         PROC          _DELAY
  D:0006H         SYMBOL        i
  -------         DO            
  D:0004H         SYMBOL        x
  D:0005H         SYMBOL        j
  -------         ENDDO         
  C:0273H         LINE#         17
  C:0273H         LINE#         18
  C:0273H         LINE#         20
  C:027CH         LINE#         21
  C:0285H         LINE#         22
  -------         ENDPROC       _DELAY
  C:0241H         SYMBOL        L?0039
  -------         PROC          L?0038
  -------         ENDPROC       L?0038
  C:0241H         SYMBOL        L?0039
  -------         PROC          _DELAY_1MS
  D:0006H         SYMBOL        i
  -------         DO            
  D:0004H         SYMBOL        x
  D:0005H         SYMBOL        j
  -------         ENDDO         
  C:0245H         LINE#         29
  C:0245H         LINE#         30
  C:0245H         LINE#         32
BL51 BANKED LINKER/LOCATER V5.03                                                      03/23/2013  00:48:12  PAGE 4


  C:024EH         LINE#         33
  C:025AH         LINE#         34
  -------         ENDPROC       _DELAY_1MS
  -------         PROC          LED_DISPLAY
  C:019BH         LINE#         19
  C:019BH         LINE#         20
  C:019BH         LINE#         21
  C:01A2H         LINE#         22
  C:01AAH         LINE#         23
  C:01ACH         LINE#         24
  C:01AEH         LINE#         25
  C:01AEH         LINE#         26
  C:01AEH         LINE#         27
  C:01B1H         LINE#         28
  C:01B6H         LINE#         29
  C:01B8H         LINE#         30
  C:01BAH         LINE#         31
  C:01BAH         LINE#         32
  C:01BAH         LINE#         33
  C:01BDH         LINE#         34
  C:01C2H         LINE#         35
  C:01C4H         LINE#         36
  C:01C6H         LINE#         37
  C:01C8H         LINE#         38
  C:01C8H         LINE#         39
  C:01CBH         LINE#         40
  C:01D0H         LINE#         41
  C:01D2H         LINE#         42
  C:01D4H         LINE#         43
  C:01D6H         LINE#         44
  C:01D8H         LINE#         45
  -------         ENDPROC       LED_DISPLAY
  -------         PROC          _LED_SET
  D:001AH         SYMBOL        a
  -------         DO            
  D:0002H         SYMBOL        i
  -------         ENDDO         
  C:01D9H         LINE#         52
  C:01DDH         LINE#         53
  C:01DDH         LINE#         55
  C:01E0H         LINE#         56
  C:01E0H         LINE#         57
  C:01F1H         LINE#         58
  C:0200H         LINE#         59
  C:020BH         LINE#         60
  -------         ENDPROC       _LED_SET
  -------         PROC          _LED_SET_16
  D:001CH         SYMBOL        a
  -------         DO            
  D:0002H         SYMBOL        i
  -------         ENDDO         
  C:020CH         LINE#         67
  C:0210H         LINE#         68
  C:0210H         LINE#         70
  C:0213H         LINE#         71
  C:0213H         LINE#         72
  C:0224H         LINE#         73
BL51 BANKED LINKER/LOCATER V5.03                                                      03/23/2013  00:48:12  PAGE 5


  C:0233H         LINE#         74
  C:023EH         LINE#         75
  -------         ENDPROC       _LED_SET_16
  -------         PROC          MAIN
  -------         DO            
  D:0017H         SYMBOL        i
  D:0001H         SYMBOL        flag
  D:0019H         SYMBOL        flag2
  -------         ENDDO         
  C:0135H         LINE#         15
  C:0135H         LINE#         16
  C:0135H         LINE#         17
  C:013AH         LINE#         18
  C:013FH         LINE#         19
  C:0142H         LINE#         20
  C:0145H         LINE#         21
  C:0148H         LINE#         22
  C:014AH         LINE#         23
  C:014CH         LINE#         24
  C:014EH         LINE#         26
  C:0150H         LINE#         27
  C:0152H         LINE#         29
  C:0154H         LINE#         30
  C:0154H         LINE#         31
  C:0154H         LINE#         32
  C:0159H         LINE#         33
  C:0159H         LINE#         34
  C:0160H         LINE#         35
  C:0168H         LINE#         36
  C:016BH         LINE#         37
  C:016BH         LINE#         38
  C:0171H         LINE#         39
  C:0171H         LINE#         40
  C:0175H         LINE#         41
  C:0175H         LINE#         42
  C:0176H         LINE#         43
  C:017DH         LINE#         44
  C:0180H         LINE#         45
  C:0183H         LINE#         46
  C:0185H         LINE#         48
  C:0185H         LINE#         49
  C:018CH         LINE#         50
  C:018DH         LINE#         51
  C:0190H         LINE#         52
  C:0193H         LINE#         53
  C:0193H         LINE#         54
  C:0196H         LINE#         55
  C:0196H         LINE#         56
  C:0199H         LINE#         57
  -------         ENDPROC       MAIN
  -------         PROC          ERROR_ET0_50MS
  C:000EH         LINE#         63
  C:000EH         LINE#         65
  C:0011H         LINE#         66
  C:0014H         LINE#         67
  C:0016H         LINE#         68
  -------         ENDPROC       ERROR_ET0_50MS
BL51 BANKED LINKER/LOCATER V5.03                                                      03/23/2013  00:48:12  PAGE 6


  -------         PROC          ERROR_ET1_50MS
  C:0296H         LINE#         69
  C:0296H         LINE#         71
  C:0299H         LINE#         72
  C:029CH         LINE#         73
  C:029EH         LINE#         74
  -------         ENDPROC       ERROR_ET1_50MS
  -------         ENDMOD        CK2

  -------         MODULE        ?C?SIDIV
  C:00AAH         PUBLIC        ?C?SIDIV
  -------         ENDMOD        ?C?SIDIV

  -------         MODULE        ?C?UIDIV
  C:00E0H         PUBLIC        ?C?UIDIV
  -------         ENDMOD        ?C?UIDIV

*** WARNING L16: UNCALLED SEGMENT, IGNORED FOR OVERLAY PROCESS
    SEGMENT: ?PR?_DELAY?CK2

*** WARNING L16: UNCALLED SEGMENT, IGNORED FOR OVERLAY PROCESS
    SEGMENT: ?PR?_LED_SET_16?CK2

Program Size: data=31.0 xdata=0 code=659
LINK/LOCATE RUN COMPLETE.  2 WARNING(S),  0 ERROR(S)
